[2026-05-17T08:26:54.369+0000] {local_task_job_runner.py:120} INFO - ::group::Pre task execution logs
[2026-05-17T08:26:54.487+0000] {taskinstance.py:2076} INFO - Dependencies all met for dep_context=non-requeueable deps ti=<TaskInstance: shopee_to_mongodb.verify_mongo_data manual__2026-05-17T08:18:59.484716+00:00 [queued]>
[2026-05-17T08:26:54.515+0000] {taskinstance.py:2076} INFO - Dependencies all met for dep_context=requeueable deps ti=<TaskInstance: shopee_to_mongodb.verify_mongo_data manual__2026-05-17T08:18:59.484716+00:00 [queued]>
[2026-05-17T08:26:54.516+0000] {taskinstance.py:2306} INFO - Starting attempt 1 of 2
[2026-05-17T08:26:54.557+0000] {taskinstance.py:2330} INFO - Executing <Task(PythonOperator): verify_mongo_data> on 2026-05-17 08:18:59.484716+00:00
[2026-05-17T08:26:54.573+0000] {standard_task_runner.py:90} INFO - Running: ['***', 'tasks', 'run', 'shopee_to_mongodb', 'verify_mongo_data', 'manual__2026-05-17T08:18:59.484716+00:00', '--job-id', '56', '--raw', '--subdir', 'DAGS_FOLDER/shopee_scraper.py', '--cfg-path', '/tmp/tmppyr6vhda']
[2026-05-17T08:26:54.571+0000] {standard_task_runner.py:63} INFO - Started process 641 to run task
[2026-05-17T08:26:54.578+0000] {standard_task_runner.py:91} INFO - Job 56: Subtask verify_mongo_data
[2026-05-17T08:26:54.756+0000] {task_command.py:426} INFO - Running <TaskInstance: shopee_to_mongodb.verify_mongo_data manual__2026-05-17T08:18:59.484716+00:00 [running]> on host 30ffdd0a484b
[2026-05-17T08:26:55.056+0000] {taskinstance.py:2648} INFO - Exporting env vars: AIRFLOW_CTX_DAG_OWNER='shopee-pipeline' AIRFLOW_CTX_DAG_ID='shopee_to_mongodb' AIRFLOW_CTX_TASK_ID='verify_mongo_data' AIRFLOW_CTX_EXECUTION_DATE='2026-05-17T08:18:59.484716+00:00' AIRFLOW_CTX_TRY_NUMBER='1' AIRFLOW_CTX_DAG_RUN_ID='manual__2026-05-17T08:18:59.484716+00:00'
[2026-05-17T08:26:55.061+0000] {taskinstance.py:430} INFO - ::endgroup::
[2026-05-17T08:26:55.136+0000] {shopee_scraper.py:69} INFO - 🔍 Verifikasi data di MongoDB...
[2026-05-17T08:26:55.249+0000] {logger.py:96} INFO - {"message": "Waiting for suitable server to become available", "selector": "Primary()", "operation": "count", "topologyDescription": "<TopologyDescription id: 6a097bcf3fa5c9549b17df96, topology_type: Unknown, servers: [<ServerDescription ('mongodb', 27017) server_type: Unknown, rtt: None>]>", "clientId": {"$oid": "6a097bcf3fa5c9549b17df96"}, "remainingTimeMS": 4}
[2026-05-17T08:26:55.610+0000] {shopee_scraper.py:83} INFO -   Tanggal  : 2026-05-17
[2026-05-17T08:26:55.612+0000] {shopee_scraper.py:84} INFO -   Keyword  : msi gaming
[2026-05-17T08:26:55.613+0000] {shopee_scraper.py:85} INFO -   Dokumen baru  : 0
[2026-05-17T08:26:55.614+0000] {shopee_scraper.py:86} INFO -   Total DB : 327 dokumen
[2026-05-17T08:26:55.630+0000] {taskinstance.py:441} INFO - ::group::Post task execution logs
[2026-05-17T08:26:55.632+0000] {taskinstance.py:2905} ERROR - Task failed with exception
Traceback (most recent call last):
  File "/home/airflow/.local/lib/python3.8/site-packages/airflow/models/taskinstance.py", line 465, in _execute_task
    result = _execute_callable(context=context, **execute_callable_kwargs)
  File "/home/airflow/.local/lib/python3.8/site-packages/airflow/models/taskinstance.py", line 432, in _execute_callable
    return execute_callable(context=context, **execute_callable_kwargs)
  File "/home/airflow/.local/lib/python3.8/site-packages/airflow/models/baseoperator.py", line 400, in wrapper
    return func(self, *args, **kwargs)
  File "/home/airflow/.local/lib/python3.8/site-packages/airflow/operators/python.py", line 235, in execute
    return_value = self.execute_callable()
  File "/home/airflow/.local/lib/python3.8/site-packages/airflow/operators/python.py", line 252, in execute_callable
    return self.python_callable(*self.op_args, **self.op_kwargs)
  File "/opt/airflow/dags/shopee_scraper.py", line 91, in verify_mongo
    raise ValueError(
ValueError: Tidak ada data baru untuk keyword 'msi gaming' pada 2026-05-17. Cek apakah scraper berjalan dengan benar.
[2026-05-17T08:26:55.671+0000] {taskinstance.py:1206} INFO - Marking task as UP_FOR_RETRY. dag_id=shopee_to_mongodb, task_id=verify_mongo_data, run_id=manual__2026-05-17T08:18:59.484716+00:00, execution_date=20260517T081859, start_date=20260517T082654, end_date=20260517T082655
[2026-05-17T08:26:55.750+0000] {standard_task_runner.py:110} ERROR - Failed to execute job 56 for task verify_mongo_data (Tidak ada data baru untuk keyword 'msi gaming' pada 2026-05-17. Cek apakah scraper berjalan dengan benar.; 641)
[2026-05-17T08:26:55.845+0000] {local_task_job_runner.py:240} INFO - Task exited with return code 1
[2026-05-17T08:26:56.000+0000] {taskinstance.py:3498} INFO - 0 downstream tasks scheduled from follow-on schedule check
[2026-05-17T08:26:56.012+0000] {local_task_job_runner.py:222} INFO - ::endgroup::
