[2026-05-17T08:32:03.016+0000] {local_task_job_runner.py:120} INFO - ::group::Pre task execution logs
[2026-05-17T08:32:03.129+0000] {taskinstance.py:2076} INFO - Dependencies all met for dep_context=non-requeueable deps ti=<TaskInstance: shopee_to_mongodb.verify_mongo_data manual__2026-05-17T08:18:59.484716+00:00 [queued]>
[2026-05-17T08:32:03.139+0000] {taskinstance.py:2076} INFO - Dependencies all met for dep_context=requeueable deps ti=<TaskInstance: shopee_to_mongodb.verify_mongo_data manual__2026-05-17T08:18:59.484716+00:00 [queued]>
[2026-05-17T08:32:03.140+0000] {taskinstance.py:2306} INFO - Starting attempt 2 of 2
[2026-05-17T08:32:03.167+0000] {taskinstance.py:2330} INFO - Executing <Task(PythonOperator): verify_mongo_data> on 2026-05-17 08:18:59.484716+00:00
[2026-05-17T08:32:03.189+0000] {standard_task_runner.py:63} INFO - Started process 858 to run task
[2026-05-17T08:32:03.202+0000] {standard_task_runner.py:90} INFO - Running: ['***', 'tasks', 'run', 'shopee_to_mongodb', 'verify_mongo_data', 'manual__2026-05-17T08:18:59.484716+00:00', '--job-id', '59', '--raw', '--subdir', 'DAGS_FOLDER/shopee_scraper.py', '--cfg-path', '/tmp/tmplyh0e0x2']
[2026-05-17T08:32:03.222+0000] {standard_task_runner.py:91} INFO - Job 59: Subtask verify_mongo_data
[2026-05-17T08:32:03.565+0000] {task_command.py:426} INFO - Running <TaskInstance: shopee_to_mongodb.verify_mongo_data manual__2026-05-17T08:18:59.484716+00:00 [running]> on host 30ffdd0a484b
[2026-05-17T08:32:03.868+0000] {taskinstance.py:2648} INFO - Exporting env vars: AIRFLOW_CTX_DAG_OWNER='shopee-pipeline' AIRFLOW_CTX_DAG_ID='shopee_to_mongodb' AIRFLOW_CTX_TASK_ID='verify_mongo_data' AIRFLOW_CTX_EXECUTION_DATE='2026-05-17T08:18:59.484716+00:00' AIRFLOW_CTX_TRY_NUMBER='2' AIRFLOW_CTX_DAG_RUN_ID='manual__2026-05-17T08:18:59.484716+00:00'
[2026-05-17T08:32:03.872+0000] {taskinstance.py:430} INFO - ::endgroup::
[2026-05-17T08:32:03.943+0000] {shopee_scraper.py:69} INFO - 🔍 Verifikasi data di MongoDB...
[2026-05-17T08:32:04.026+0000] {logger.py:96} INFO - {"message": "Waiting for suitable server to become available", "selector": "Primary()", "operation": "count", "topologyDescription": "<TopologyDescription id: 6a097d034e2cef33f0dbfe53, topology_type: Unknown, servers: [<ServerDescription ('mongodb', 27017) server_type: Unknown, rtt: None>]>", "clientId": {"$oid": "6a097d034e2cef33f0dbfe53"}, "remainingTimeMS": 4}
[2026-05-17T08:32:04.238+0000] {shopee_scraper.py:83} INFO -   Tanggal  : 2026-05-17
[2026-05-17T08:32:04.239+0000] {shopee_scraper.py:84} INFO -   Keyword  : msi gaming
[2026-05-17T08:32:04.239+0000] {shopee_scraper.py:85} INFO -   Dokumen baru  : 0
[2026-05-17T08:32:04.240+0000] {shopee_scraper.py:86} INFO -   Total DB : 327 dokumen
[2026-05-17T08:32:04.247+0000] {taskinstance.py:441} INFO - ::group::Post task execution logs
[2026-05-17T08:32:04.248+0000] {taskinstance.py:2905} ERROR - Task failed with exception
Traceback (most recent call last):
  File "/home/airflow/.local/lib/python3.8/site-packages/airflow/models/taskinstance.py", line 465, in _execute_task
    result = _execute_callable(context=context, **execute_callable_kwargs)
  File "/home/airflow/.local/lib/python3.8/site-packages/airflow/models/taskinstance.py", line 432, in _execute_callable
    return execute_callable(context=context, **execute_callable_kwargs)
  File "/home/airflow/.local/lib/python3.8/site-packages/airflow/models/baseoperator.py", line 400, in wrapper
    return func(self, *args, **kwargs)
  File "/home/airflow/.local/lib/python3.8/site-packages/airflow/operators/python.py", line 235, in execute
    return_value = self.execute_callable()
  File "/home/airflow/.local/lib/python3.8/site-packages/airflow/operators/python.py", line 252, in execute_callable
    return self.python_callable(*self.op_args, **self.op_kwargs)
  File "/opt/airflow/dags/shopee_scraper.py", line 91, in verify_mongo
    raise ValueError(
ValueError: Tidak ada data baru untuk keyword 'msi gaming' pada 2026-05-17. Cek apakah scraper berjalan dengan benar.
[2026-05-17T08:32:04.287+0000] {taskinstance.py:1206} INFO - Marking task as FAILED. dag_id=shopee_to_mongodb, task_id=verify_mongo_data, run_id=manual__2026-05-17T08:18:59.484716+00:00, execution_date=20260517T081859, start_date=20260517T083203, end_date=20260517T083204
[2026-05-17T08:32:04.322+0000] {standard_task_runner.py:110} ERROR - Failed to execute job 59 for task verify_mongo_data (Tidak ada data baru untuk keyword 'msi gaming' pada 2026-05-17. Cek apakah scraper berjalan dengan benar.; 858)
[2026-05-17T08:32:04.369+0000] {local_task_job_runner.py:240} INFO - Task exited with return code 1
[2026-05-17T08:32:04.403+0000] {taskinstance.py:3498} INFO - 0 downstream tasks scheduled from follow-on schedule check
[2026-05-17T08:32:04.411+0000] {local_task_job_runner.py:222} INFO - ::endgroup::
