[2026-05-17T08:24:25.464+0000] {local_task_job_runner.py:120} INFO - ::group::Pre task execution logs
[2026-05-17T08:24:25.554+0000] {taskinstance.py:2076} INFO - Dependencies all met for dep_context=non-requeueable deps ti=<TaskInstance: shopee_to_mongodb.run_shopee_scraper manual__2026-05-17T08:18:59.484716+00:00 [queued]>
[2026-05-17T08:24:25.573+0000] {taskinstance.py:2076} INFO - Dependencies all met for dep_context=requeueable deps ti=<TaskInstance: shopee_to_mongodb.run_shopee_scraper manual__2026-05-17T08:18:59.484716+00:00 [queued]>
[2026-05-17T08:24:25.574+0000] {taskinstance.py:2306} INFO - Starting attempt 2 of 2
[2026-05-17T08:24:25.601+0000] {taskinstance.py:2330} INFO - Executing <Task(PythonOperator): run_shopee_scraper> on 2026-05-17 08:18:59.484716+00:00
[2026-05-17T08:24:25.617+0000] {standard_task_runner.py:63} INFO - Started process 177 to run task
[2026-05-17T08:24:25.629+0000] {standard_task_runner.py:90} INFO - Running: ['***', 'tasks', 'run', 'shopee_to_mongodb', 'run_shopee_scraper', 'manual__2026-05-17T08:18:59.484716+00:00', '--job-id', '53', '--raw', '--subdir', 'DAGS_FOLDER/shopee_scraper.py', '--cfg-path', '/tmp/tmp24g49e1j']
[2026-05-17T08:24:25.648+0000] {standard_task_runner.py:91} INFO - Job 53: Subtask run_shopee_scraper
[2026-05-17T08:24:25.900+0000] {task_command.py:426} INFO - Running <TaskInstance: shopee_to_mongodb.run_shopee_scraper manual__2026-05-17T08:18:59.484716+00:00 [running]> on host 30ffdd0a484b
[2026-05-17T08:24:26.231+0000] {taskinstance.py:2648} INFO - Exporting env vars: AIRFLOW_CTX_DAG_OWNER='shopee-pipeline' AIRFLOW_CTX_DAG_ID='shopee_to_mongodb' AIRFLOW_CTX_TASK_ID='run_shopee_scraper' AIRFLOW_CTX_EXECUTION_DATE='2026-05-17T08:18:59.484716+00:00' AIRFLOW_CTX_TRY_NUMBER='2' AIRFLOW_CTX_DAG_RUN_ID='manual__2026-05-17T08:18:59.484716+00:00'
[2026-05-17T08:24:26.234+0000] {taskinstance.py:430} INFO - ::endgroup::
[2026-05-17T08:24:26.288+0000] {shopee_scraper.py:40} INFO - ▶ Memulai scraper Shopee...
[2026-05-17T08:24:26.289+0000] {shopee_scraper.py:41} INFO -   Script : /opt/***/dags/playwright_shopee.py
[2026-05-17T08:24:26.290+0000] {shopee_scraper.py:42} INFO -   Keyword: msi gaming
[2026-05-17T08:26:47.587+0000] {shopee_scraper.py:52} INFO - OUTPUT SCRAPER:
🌐 Membuka Chrome Shopee profile...
🌍 Membuka Shopee search...
📄 URL   : https://shopee.co.id/search?keyword=msi%20gaming
📄 TITLE : Shopee Indonesia | Situs Belanja Online Terlengkap & Terpercaya
✅ Terhubung MongoDB: shopee_raw.products

=================================
📄 PAGE 1/5
=================================
🌍 https://shopee.co.id/search?keyword=msi%20gaming&page=0
🖱️ Scrolling...
📄 URL   : https://shopee.co.id/verify/traffic/error?home_url=https%3A%2F%2Fshopee.co.id&is_logged_in=false&next=https%3A%2F%2Fshopee.co.id%2Fsearch%3Fkeyword%3Dmsi%2520gaming%26page%3D0&tracking_id=74712e1d401-3eba-468f-966d-42bd11659fec&type=4
📄 TITLE : Shopee Indonesia | Situs Belanja Online Terlengkap & Terpercaya
🔍 Mengambil item produk...
📦 Total item ditemukan: 0
❌ Produk kosong

=================================
📄 PAGE 2/5
=================================
🌍 https://shopee.co.id/search?keyword=msi%20gaming&page=1
🖱️ Scrolling...
📄 URL   : https://shopee.co.id/verify/traffic/error?home_url=https%3A%2F%2Fshopee.co.id&is_logged_in=false&next=https%3A%2F%2Fshopee.co.id%2Fsearch%3Fkeyword%3Dmsi%2520gaming%26page%3D0&tracking_id=469dc46bd12-f951-460f-815e-12c1e415fedd&type=4
📄 TITLE : Shopee Indonesia | Situs Belanja Online Terlengkap & Terpercaya
🔍 Mengambil item produk...
📦 Total item ditemukan: 0
❌ Produk kosong

=================================
📄 PAGE 3/5
=================================
🌍 https://shopee.co.id/search?keyword=msi%20gaming&page=2
🖱️ Scrolling...
📄 URL   : https://shopee.co.id/verify/traffic/error?home_url=https%3A%2F%2Fshopee.co.id&is_logged_in=false&next=https%3A%2F%2Fshopee.co.id%2Fsearch%3Fkeyword%3Dmsi%2520gaming%26page%3D0&tracking_id=9356d59a06f-5264-4dea-aa9d-19f442630053&type=4
📄 TITLE : Shopee Indonesia | Situs Belanja Online Terlengkap & Terpercaya
🔍 Mengambil item produk...
📦 Total item ditemukan: 0
❌ Produk kosong

=================================
📄 PAGE 4/5
=================================
🌍 https://shopee.co.id/search?keyword=msi%20gaming&page=3
🖱️ Scrolling...
📄 URL   : https://shopee.co.id/verify/traffic/error?home_url=https%3A%2F%2Fshopee.co.id&is_logged_in=false&next=https%3A%2F%2Fshopee.co.id%2Fsearch%3Fkeyword%3Dmsi%2520gaming%26page%3D0&tracking_id=856148036ba-8eee-43a6-8b8e-57e472984088&type=4
📄 TITLE : Shopee Indonesia | Situs Belanja Online Terlengkap & Terpercaya
🔍 Mengambil item produk...
📦 Total item ditemukan: 0
❌ Produk kosong

=================================
📄 PAGE 5/5
=================================
🌍 https://shopee.co.id/search?keyword=msi%20gaming&page=4
🖱️ Scrolling...
📄 URL   : https://shopee.co.id/verify/traffic/error?home_url=https%3A%2F%2Fshopee.co.id&is_logged_in=false&next=https%3A%2F%2Fshopee.co.id%2Fsearch%3Fkeyword%3Dmsi%2520gaming%26page%3D0&tracking_id=361c11b3ed6-9849-4349-8ea4-a2843e1d8d98&type=4
📄 TITLE : Shopee Indonesia | Situs Belanja Online Terlengkap & Terpercaya
🔍 Mengambil item produk...
📦 Total item ditemukan: 0
❌ Produk kosong

=================================
📊 SELESAI
=================================
Total scrape : 0
Inserted     : 0
Updated      : 0
=================================
🛑 Browser ditutup

[2026-05-17T08:26:47.732+0000] {shopee_scraper.py:62} INFO - ✅ Scraper selesai.
[2026-05-17T08:26:47.761+0000] {python.py:237} INFO - Done. Returned value was: None
[2026-05-17T08:26:47.920+0000] {taskinstance.py:441} INFO - ::group::Post task execution logs
[2026-05-17T08:26:48.392+0000] {taskinstance.py:1206} INFO - Marking task as SUCCESS. dag_id=shopee_to_mongodb, task_id=run_shopee_scraper, run_id=manual__2026-05-17T08:18:59.484716+00:00, execution_date=20260517T081859, start_date=20260517T082425, end_date=20260517T082648
[2026-05-17T08:26:49.049+0000] {local_task_job_runner.py:240} INFO - Task exited with return code 0
[2026-05-17T08:26:49.630+0000] {taskinstance.py:3498} INFO - 0 downstream tasks scheduled from follow-on schedule check
[2026-05-17T08:26:49.653+0000] {local_task_job_runner.py:222} INFO - ::endgroup::
