[2026-05-17T08:26:06.331+0000] {local_task_job_runner.py:120} INFO - ::group::Pre task execution logs
[2026-05-17T08:26:06.486+0000] {taskinstance.py:2076} INFO - Dependencies all met for dep_context=non-requeueable deps ti=<TaskInstance: shopee_to_mongodb.run_shopee_scraper manual__2026-05-17T08:25:56.876454+00:00 [queued]>
[2026-05-17T08:26:06.508+0000] {taskinstance.py:2076} INFO - Dependencies all met for dep_context=requeueable deps ti=<TaskInstance: shopee_to_mongodb.run_shopee_scraper manual__2026-05-17T08:25:56.876454+00:00 [queued]>
[2026-05-17T08:26:06.509+0000] {taskinstance.py:2306} INFO - Starting attempt 1 of 2
[2026-05-17T08:26:06.542+0000] {taskinstance.py:2330} INFO - Executing <Task(PythonOperator): run_shopee_scraper> on 2026-05-17 08:25:56.876454+00:00
[2026-05-17T08:26:06.552+0000] {standard_task_runner.py:63} INFO - Started process 360 to run task
[2026-05-17T08:26:06.562+0000] {standard_task_runner.py:90} INFO - Running: ['***', 'tasks', 'run', 'shopee_to_mongodb', 'run_shopee_scraper', 'manual__2026-05-17T08:25:56.876454+00:00', '--job-id', '54', '--raw', '--subdir', 'DAGS_FOLDER/shopee_scraper.py', '--cfg-path', '/tmp/tmpn3hq57nv']
[2026-05-17T08:26:06.575+0000] {standard_task_runner.py:91} INFO - Job 54: Subtask run_shopee_scraper
[2026-05-17T08:26:06.750+0000] {task_command.py:426} INFO - Running <TaskInstance: shopee_to_mongodb.run_shopee_scraper manual__2026-05-17T08:25:56.876454+00:00 [running]> on host 30ffdd0a484b
[2026-05-17T08:26:07.174+0000] {taskinstance.py:2648} INFO - Exporting env vars: AIRFLOW_CTX_DAG_OWNER='shopee-pipeline' AIRFLOW_CTX_DAG_ID='shopee_to_mongodb' AIRFLOW_CTX_TASK_ID='run_shopee_scraper' AIRFLOW_CTX_EXECUTION_DATE='2026-05-17T08:25:56.876454+00:00' AIRFLOW_CTX_TRY_NUMBER='1' AIRFLOW_CTX_DAG_RUN_ID='manual__2026-05-17T08:25:56.876454+00:00'
[2026-05-17T08:26:07.176+0000] {taskinstance.py:430} INFO - ::endgroup::
[2026-05-17T08:26:07.344+0000] {shopee_scraper.py:40} INFO - ▶ Memulai scraper Shopee...
[2026-05-17T08:26:07.345+0000] {shopee_scraper.py:41} INFO -   Script : /opt/***/dags/playwright_shopee.py
[2026-05-17T08:26:07.346+0000] {shopee_scraper.py:42} INFO -   Keyword: msi gaming
[2026-05-17T08:28:35.352+0000] {shopee_scraper.py:52} INFO - OUTPUT SCRAPER:
🌐 Membuka Chrome Shopee profile...
🌍 Membuka Shopee search...
📄 URL   : https://shopee.co.id/search?keyword=msi%20gaming
📄 TITLE : Shopee Indonesia | Situs Belanja Online Terlengkap & Terpercaya
✅ Terhubung MongoDB: shopee_raw.products

=================================
📄 PAGE 1/5
=================================
🌍 https://shopee.co.id/search?keyword=msi%20gaming&page=0
🖱️ Scrolling...
📄 URL   : https://shopee.co.id/verify/traffic/error?home_url=https%3A%2F%2Fshopee.co.id&is_logged_in=false&next=https%3A%2F%2Fshopee.co.id%2Fsearch%3Fkeyword%3Dmsi%2520gaming%26page%3D0&tracking_id=373cc9e7c0e-6195-476a-a54c-87de3e1dd21e&type=4
📄 TITLE : Shopee Indonesia | Situs Belanja Online Terlengkap & Terpercaya
🔍 Mengambil item produk...
📦 Total item ditemukan: 0
❌ Produk kosong

=================================
📄 PAGE 2/5
=================================
🌍 https://shopee.co.id/search?keyword=msi%20gaming&page=1
🖱️ Scrolling...
📄 URL   : https://shopee.co.id/verify/traffic/error?home_url=https%3A%2F%2Fshopee.co.id&is_logged_in=false&next=https%3A%2F%2Fshopee.co.id%2Fsearch%3Fkeyword%3Dmsi%2520gaming%26page%3D0&tracking_id=766bc905088-e983-48c8-a0a1-dace4726eb64&type=4
📄 TITLE : Shopee Indonesia | Situs Belanja Online Terlengkap & Terpercaya
🔍 Mengambil item produk...
📦 Total item ditemukan: 0
❌ Produk kosong

=================================
📄 PAGE 3/5
=================================
🌍 https://shopee.co.id/search?keyword=msi%20gaming&page=2
🖱️ Scrolling...
📄 URL   : https://shopee.co.id/verify/traffic/error?home_url=https%3A%2F%2Fshopee.co.id&is_logged_in=false&next=https%3A%2F%2Fshopee.co.id%2Fsearch%3Fkeyword%3Dmsi%2520gaming%26page%3D0&tracking_id=690342e2a82-b703-4443-95d9-0cd0f631205d&type=4
📄 TITLE : Shopee Indonesia | Situs Belanja Online Terlengkap & Terpercaya
🔍 Mengambil item produk...
📦 Total item ditemukan: 0
❌ Produk kosong

=================================
📄 PAGE 4/5
=================================
🌍 https://shopee.co.id/search?keyword=msi%20gaming&page=3
🖱️ Scrolling...
📄 URL   : https://shopee.co.id/verify/traffic/error?home_url=https%3A%2F%2Fshopee.co.id&is_logged_in=false&next=https%3A%2F%2Fshopee.co.id%2Fsearch%3Fkeyword%3Dmsi%2520gaming%26page%3D0&tracking_id=54440d6939f-756f-44e7-bc02-410bd44d4721&type=4
📄 TITLE : Shopee Indonesia | Situs Belanja Online Terlengkap & Terpercaya
🔍 Mengambil item produk...
📦 Total item ditemukan: 0
❌ Produk kosong

=================================
📄 PAGE 5/5
=================================
🌍 https://shopee.co.id/search?keyword=msi%20gaming&page=4
🖱️ Scrolling...
📄 URL   : https://shopee.co.id/verify/traffic/error?home_url=https%3A%2F%2Fshopee.co.id&is_logged_in=false&next=https%3A%2F%2Fshopee.co.id%2Fsearch%3Fkeyword%3Dmsi%2520gaming%26page%3D0&tracking_id=3690e0312db-24f6-4a0e-9dbf-1bb0623430b5&type=4
📄 TITLE : Shopee Indonesia | Situs Belanja Online Terlengkap & Terpercaya
🔍 Mengambil item produk...
📦 Total item ditemukan: 0
❌ Produk kosong

=================================
📊 SELESAI
=================================
Total scrape : 0
Inserted     : 0
Updated      : 0
=================================
🛑 Browser ditutup

[2026-05-17T08:28:35.482+0000] {shopee_scraper.py:62} INFO - ✅ Scraper selesai.
[2026-05-17T08:28:35.509+0000] {python.py:237} INFO - Done. Returned value was: None
[2026-05-17T08:28:35.700+0000] {taskinstance.py:441} INFO - ::group::Post task execution logs
[2026-05-17T08:28:36.440+0000] {taskinstance.py:1206} INFO - Marking task as SUCCESS. dag_id=shopee_to_mongodb, task_id=run_shopee_scraper, run_id=manual__2026-05-17T08:25:56.876454+00:00, execution_date=20260517T082556, start_date=20260517T082606, end_date=20260517T082836
[2026-05-17T08:28:37.447+0000] {local_task_job_runner.py:240} INFO - Task exited with return code 0
[2026-05-17T08:28:37.984+0000] {taskinstance.py:3498} INFO - 0 downstream tasks scheduled from follow-on schedule check
[2026-05-17T08:28:38.030+0000] {local_task_job_runner.py:222} INFO - ::endgroup::
