[2026-05-16T09:12:47.572+0000] {local_task_job_runner.py:120} INFO - ::group::Pre task execution logs
[2026-05-16T09:12:47.653+0000] {taskinstance.py:2076} INFO - Dependencies all met for dep_context=non-requeueable deps ti=<TaskInstance: shopee_scraper.scrape_shopee manual__2026-05-16T09:07:41.455499+00:00 [queued]>
[2026-05-16T09:12:47.669+0000] {taskinstance.py:2076} INFO - Dependencies all met for dep_context=requeueable deps ti=<TaskInstance: shopee_scraper.scrape_shopee manual__2026-05-16T09:07:41.455499+00:00 [queued]>
[2026-05-16T09:12:47.670+0000] {taskinstance.py:2306} INFO - Starting attempt 2 of 2
[2026-05-16T09:12:47.692+0000] {taskinstance.py:2330} INFO - Executing <Task(BashOperator): scrape_shopee> on 2026-05-16 09:07:41.455499+00:00
[2026-05-16T09:12:47.698+0000] {standard_task_runner.py:63} INFO - Started process 384 to run task
[2026-05-16T09:12:47.703+0000] {standard_task_runner.py:90} INFO - Running: ['***', 'tasks', 'run', 'shopee_scraper', 'scrape_shopee', 'manual__2026-05-16T09:07:41.455499+00:00', '--job-id', '24', '--raw', '--subdir', 'DAGS_FOLDER/shopee_dags.py', '--cfg-path', '/tmp/tmpv892w4cj']
[2026-05-16T09:12:47.706+0000] {standard_task_runner.py:91} INFO - Job 24: Subtask scrape_shopee
[2026-05-16T09:12:47.783+0000] {task_command.py:426} INFO - Running <TaskInstance: shopee_scraper.scrape_shopee manual__2026-05-16T09:07:41.455499+00:00 [running]> on host 5f29e9b50307
[2026-05-16T09:12:47.956+0000] {taskinstance.py:2648} INFO - Exporting env vars: AIRFLOW_CTX_DAG_OWNER='abid' AIRFLOW_CTX_DAG_ID='shopee_scraper' AIRFLOW_CTX_TASK_ID='scrape_shopee' AIRFLOW_CTX_EXECUTION_DATE='2026-05-16T09:07:41.455499+00:00' AIRFLOW_CTX_TRY_NUMBER='2' AIRFLOW_CTX_DAG_RUN_ID='manual__2026-05-16T09:07:41.455499+00:00'
[2026-05-16T09:12:47.958+0000] {taskinstance.py:430} INFO - ::endgroup::
[2026-05-16T09:12:47.988+0000] {subprocess.py:63} INFO - Tmp dir root location: /tmp
[2026-05-16T09:12:47.990+0000] {subprocess.py:75} INFO - Running command: ['/usr/bin/bash', '-c', '\n        cd /opt/***/scripts &&\n        python playwright_shopee.py\n        ']
[2026-05-16T09:12:48.000+0000] {subprocess.py:86} INFO - Output:
[2026-05-16T09:12:49.535+0000] {subprocess.py:93} INFO - 🌐 Membuka browser Playwright...
[2026-05-16T09:12:49.537+0000] {subprocess.py:93} INFO - Traceback (most recent call last):
[2026-05-16T09:12:49.538+0000] {subprocess.py:93} INFO -   File "playwright_shopee.py", line 129, in <module>
[2026-05-16T09:12:49.538+0000] {subprocess.py:93} INFO -     browser = p.chromium.launch(
[2026-05-16T09:12:49.539+0000] {subprocess.py:93} INFO - TypeError: launch() got an unexpected keyword argument 'viewport'
[2026-05-16T09:12:49.593+0000] {subprocess.py:97} INFO - Command exited with return code 1
[2026-05-16T09:12:49.594+0000] {taskinstance.py:441} INFO - ::group::Post task execution logs
[2026-05-16T09:12:49.610+0000] {taskinstance.py:2905} ERROR - Task failed with exception
Traceback (most recent call last):
  File "/home/airflow/.local/lib/python3.8/site-packages/airflow/models/taskinstance.py", line 465, in _execute_task
    result = _execute_callable(context=context, **execute_callable_kwargs)
  File "/home/airflow/.local/lib/python3.8/site-packages/airflow/models/taskinstance.py", line 432, in _execute_callable
    return execute_callable(context=context, **execute_callable_kwargs)
  File "/home/airflow/.local/lib/python3.8/site-packages/airflow/models/baseoperator.py", line 400, in wrapper
    return func(self, *args, **kwargs)
  File "/home/airflow/.local/lib/python3.8/site-packages/airflow/operators/bash.py", line 243, in execute
    raise AirflowException(
airflow.exceptions.AirflowException: Bash command failed. The command returned a non-zero exit code 1.
[2026-05-16T09:12:49.615+0000] {taskinstance.py:1206} INFO - Marking task as FAILED. dag_id=shopee_scraper, task_id=scrape_shopee, run_id=manual__2026-05-16T09:07:41.455499+00:00, execution_date=20260516T090741, start_date=20260516T091247, end_date=20260516T091249
[2026-05-16T09:12:49.636+0000] {standard_task_runner.py:110} ERROR - Failed to execute job 24 for task scrape_shopee (Bash command failed. The command returned a non-zero exit code 1.; 384)
[2026-05-16T09:12:49.685+0000] {local_task_job_runner.py:240} INFO - Task exited with return code 1
[2026-05-16T09:12:49.708+0000] {taskinstance.py:3498} INFO - 0 downstream tasks scheduled from follow-on schedule check
[2026-05-16T09:12:49.712+0000] {local_task_job_runner.py:222} INFO - ::endgroup::
