[2026-05-17T08:08:50.188+0000] {local_task_job_runner.py:120} INFO - ::group::Pre task execution logs
[2026-05-17T08:08:50.256+0000] {taskinstance.py:2076} INFO - Dependencies all met for dep_context=non-requeueable deps ti=<TaskInstance: shopee_to_mongodb.run_shopee_scraper manual__2026-05-17T08:08:44+00:00 [queued]>
[2026-05-17T08:08:50.275+0000] {taskinstance.py:2076} INFO - Dependencies all met for dep_context=requeueable deps ti=<TaskInstance: shopee_to_mongodb.run_shopee_scraper manual__2026-05-17T08:08:44+00:00 [queued]>
[2026-05-17T08:08:50.277+0000] {taskinstance.py:2306} INFO - Starting attempt 1 of 2
[2026-05-17T08:08:50.307+0000] {taskinstance.py:2330} INFO - Executing <Task(PythonOperator): run_shopee_scraper> on 2026-05-17 08:08:44+00:00
[2026-05-17T08:08:50.322+0000] {standard_task_runner.py:63} INFO - Started process 1508 to run task
[2026-05-17T08:08:50.330+0000] {standard_task_runner.py:90} INFO - Running: ['***', 'tasks', 'run', 'shopee_to_mongodb', 'run_shopee_scraper', 'manual__2026-05-17T08:08:44+00:00', '--job-id', '45', '--raw', '--subdir', 'DAGS_FOLDER/shopee_scraper.py', '--cfg-path', '/tmp/tmpmkvxd7mp']
[2026-05-17T08:08:50.334+0000] {standard_task_runner.py:91} INFO - Job 45: Subtask run_shopee_scraper
[2026-05-17T08:08:50.530+0000] {task_command.py:426} INFO - Running <TaskInstance: shopee_to_mongodb.run_shopee_scraper manual__2026-05-17T08:08:44+00:00 [running]> on host 30ffdd0a484b
[2026-05-17T08:08:50.838+0000] {taskinstance.py:2648} INFO - Exporting env vars: AIRFLOW_CTX_DAG_OWNER='shopee-pipeline' AIRFLOW_CTX_DAG_ID='shopee_to_mongodb' AIRFLOW_CTX_TASK_ID='run_shopee_scraper' AIRFLOW_CTX_EXECUTION_DATE='2026-05-17T08:08:44+00:00' AIRFLOW_CTX_TRY_NUMBER='1' AIRFLOW_CTX_DAG_RUN_ID='manual__2026-05-17T08:08:44+00:00'
[2026-05-17T08:08:50.840+0000] {taskinstance.py:430} INFO - ::endgroup::
[2026-05-17T08:08:50.879+0000] {shopee_scraper.py:40} INFO - ▶ Memulai scraper Shopee...
[2026-05-17T08:08:50.880+0000] {shopee_scraper.py:41} INFO -   Script : /opt/***/dags/playwright_shopee.py
[2026-05-17T08:08:50.881+0000] {shopee_scraper.py:42} INFO -   Keyword: msi gaming
[2026-05-17T08:08:54.368+0000] {shopee_scraper.py:52} INFO - OUTPUT SCRAPER:
🌐 Membuka Chrome Shopee profile...

[2026-05-17T08:08:54.370+0000] {shopee_scraper.py:54} WARNING - STDERR SCRAPER:
Traceback (most recent call last):
  File "/opt/***/dags/playwright_shopee.py", line 152, in <module>
    context = p.chromium.launch_persistent_context(
  File "/home/***/.local/lib/python3.8/site-packages/playwright/sync_api/_generated.py", line 14253, in launch_persistent_context
    self._sync(
  File "/home/***/.local/lib/python3.8/site-packages/playwright/_impl/_sync_base.py", line 115, in _sync
    return task.result()
  File "/home/***/.local/lib/python3.8/site-packages/playwright/_impl/_browser_type.py", line 157, in launch_persistent_context
    from_channel(await self._channel.send("launchPersistentContext", params)),
  File "/home/***/.local/lib/python3.8/site-packages/playwright/_impl/_connection.py", line 59, in send
    return await self._connection.wrap_api_call(
  File "/home/***/.local/lib/python3.8/site-packages/playwright/_impl/_connection.py", line 514, in wrap_api_call
    raise rewrite_error(error, f"{parsed_st['apiName']}: {error}") from None
playwright._impl._errors.Error: BrowserType.launch_persistent_context: Chromium distribution 'chrome' is not found at /opt/google/chrome/chrome
Run "playwright install chrome"

[2026-05-17T08:08:54.371+0000] {taskinstance.py:441} INFO - ::group::Post task execution logs
[2026-05-17T08:08:54.372+0000] {taskinstance.py:2905} ERROR - Task failed with exception
Traceback (most recent call last):
  File "/home/airflow/.local/lib/python3.8/site-packages/airflow/models/taskinstance.py", line 465, in _execute_task
    result = _execute_callable(context=context, **execute_callable_kwargs)
  File "/home/airflow/.local/lib/python3.8/site-packages/airflow/models/taskinstance.py", line 432, in _execute_callable
    return execute_callable(context=context, **execute_callable_kwargs)
  File "/home/airflow/.local/lib/python3.8/site-packages/airflow/models/baseoperator.py", line 400, in wrapper
    return func(self, *args, **kwargs)
  File "/home/airflow/.local/lib/python3.8/site-packages/airflow/operators/python.py", line 235, in execute
    return_value = self.execute_callable()
  File "/home/airflow/.local/lib/python3.8/site-packages/airflow/operators/python.py", line 252, in execute_callable
    return self.python_callable(*self.op_args, **self.op_kwargs)
  File "/opt/airflow/dags/shopee_scraper.py", line 57, in run_scraper
    raise Exception(
Exception: Scraper gagal dengan exit code: 1
STDERR: /lib/python3.8/site-packages/playwright/_impl/_connection.py", line 59, in send
    return await self._connection.wrap_api_call(
  File "/home/***/.local/lib/python3.8/site-packages/playwright/_impl/_connection.py", line 514, in wrap_api_call
    raise rewrite_error(error, f"{parsed_st['apiName']}: {error}") from None
playwright._impl._errors.Error: BrowserType.launch_persistent_context: Chromium distribution 'chrome' is not found at /opt/google/chrome/chrome
Run "playwright install chrome"

[2026-05-17T08:08:54.397+0000] {taskinstance.py:1206} INFO - Marking task as UP_FOR_RETRY. dag_id=shopee_to_mongodb, task_id=run_shopee_scraper, run_id=manual__2026-05-17T08:08:44+00:00, execution_date=20260517T080844, start_date=20260517T080850, end_date=20260517T080854
[2026-05-17T08:08:54.425+0000] {standard_task_runner.py:110} ERROR - Failed to execute job 45 for task run_shopee_scraper (Scraper gagal dengan exit code: 1
STDERR: /lib/python3.8/site-packages/playwright/_impl/_connection.py", line 59, in send
    return await self._connection.wrap_api_call(
  File "/home/***/.local/lib/python3.8/site-packages/playwright/_impl/_connection.py", line 514, in wrap_api_call
    raise rewrite_error(error, f"{parsed_st['apiName']}: {error}") from None
playwright._impl._errors.Error: BrowserType.launch_persistent_context: Chromium distribution 'chrome' is not found at /opt/google/chrome/chrome
Run "playwright install chrome"
; 1508)
[2026-05-17T08:08:54.438+0000] {local_task_job_runner.py:240} INFO - Task exited with return code 1
[2026-05-17T08:08:54.470+0000] {taskinstance.py:3498} INFO - 0 downstream tasks scheduled from follow-on schedule check
[2026-05-17T08:08:54.474+0000] {local_task_job_runner.py:222} INFO - ::endgroup::
