[2026-05-17T08:14:37.677+0000] {local_task_job_runner.py:120} INFO - ::group::Pre task execution logs
[2026-05-17T08:14:37.785+0000] {taskinstance.py:2076} INFO - Dependencies all met for dep_context=non-requeueable deps ti=<TaskInstance: shopee_to_mongodb.run_shopee_scraper manual__2026-05-17T08:08:44+00:00 [queued]>
[2026-05-17T08:14:37.818+0000] {taskinstance.py:2076} INFO - Dependencies all met for dep_context=requeueable deps ti=<TaskInstance: shopee_to_mongodb.run_shopee_scraper manual__2026-05-17T08:08:44+00:00 [queued]>
[2026-05-17T08:14:37.819+0000] {taskinstance.py:2306} INFO - Starting attempt 2 of 2
[2026-05-17T08:14:37.858+0000] {taskinstance.py:2330} INFO - Executing <Task(PythonOperator): run_shopee_scraper> on 2026-05-17 08:08:44+00:00
[2026-05-17T08:14:37.881+0000] {standard_task_runner.py:63} INFO - Started process 177 to run task
[2026-05-17T08:14:37.885+0000] {standard_task_runner.py:90} INFO - Running: ['***', 'tasks', 'run', 'shopee_to_mongodb', 'run_shopee_scraper', 'manual__2026-05-17T08:08:44+00:00', '--job-id', '47', '--raw', '--subdir', 'DAGS_FOLDER/shopee_scraper.py', '--cfg-path', '/tmp/tmppm8vh7ns']
[2026-05-17T08:14:37.891+0000] {standard_task_runner.py:91} INFO - Job 47: Subtask run_shopee_scraper
[2026-05-17T08:14:38.159+0000] {task_command.py:426} INFO - Running <TaskInstance: shopee_to_mongodb.run_shopee_scraper manual__2026-05-17T08:08:44+00:00 [running]> on host 30ffdd0a484b
[2026-05-17T08:14:38.415+0000] {taskinstance.py:2648} INFO - Exporting env vars: AIRFLOW_CTX_DAG_OWNER='shopee-pipeline' AIRFLOW_CTX_DAG_ID='shopee_to_mongodb' AIRFLOW_CTX_TASK_ID='run_shopee_scraper' AIRFLOW_CTX_EXECUTION_DATE='2026-05-17T08:08:44+00:00' AIRFLOW_CTX_TRY_NUMBER='2' AIRFLOW_CTX_DAG_RUN_ID='manual__2026-05-17T08:08:44+00:00'
[2026-05-17T08:14:38.418+0000] {taskinstance.py:430} INFO - ::endgroup::
[2026-05-17T08:14:38.478+0000] {shopee_scraper.py:40} INFO - ▶ Memulai scraper Shopee...
[2026-05-17T08:14:38.480+0000] {shopee_scraper.py:41} INFO -   Script : /opt/***/dags/playwright_shopee.py
[2026-05-17T08:14:38.481+0000] {shopee_scraper.py:42} INFO -   Keyword: msi gaming
[2026-05-17T08:14:44.013+0000] {shopee_scraper.py:52} INFO - OUTPUT SCRAPER:
🌐 Membuka Chrome Shopee profile...

[2026-05-17T08:14:44.015+0000] {shopee_scraper.py:54} WARNING - STDERR SCRAPER:
Traceback (most recent call last):
  File "/opt/***/dags/playwright_shopee.py", line 152, in <module>
    context = p.chromium.launch_persistent_context(
  File "/home/***/.local/lib/python3.8/site-packages/playwright/sync_api/_generated.py", line 14253, in launch_persistent_context
    self._sync(
  File "/home/***/.local/lib/python3.8/site-packages/playwright/_impl/_sync_base.py", line 115, in _sync
    return task.result()
  File "/home/***/.local/lib/python3.8/site-packages/playwright/_impl/_browser_type.py", line 157, in launch_persistent_context
    from_channel(await self._channel.send("launchPersistentContext", params)),
  File "/home/***/.local/lib/python3.8/site-packages/playwright/_impl/_connection.py", line 59, in send
    return await self._connection.wrap_api_call(
  File "/home/***/.local/lib/python3.8/site-packages/playwright/_impl/_connection.py", line 514, in wrap_api_call
    raise rewrite_error(error, f"{parsed_st['apiName']}: {error}") from None
playwright._impl._errors.TargetClosedError: BrowserType.launch_persistent_context: Target page, context or browser has been closed
Browser logs:

╔════════════════════════════════════════════════════════════════════════════════════════════════╗
║ Looks like you launched a headed browser without having a XServer running.                     ║
║ Set either 'headless: true' or use 'xvfb-run <your-playwright-app>' before running Playwright. ║
║                                                                                                ║
║ <3 Playwright Team                                                                             ║
╚════════════════════════════════════════════════════════════════════════════════════════════════╝
Call log:
<launching> /home/***/.cache/ms-playwright/chromium-1117/chrome-linux/chrome --disable-field-trial-config --disable-background-networking --enable-features=NetworkService,NetworkServiceInProcess --disable-background-timer-throttling --disable-backgrounding-occluded-windows --disable-back-forward-cache --disable-breakpad --disable-client-side-phishing-detection --disable-component-extensions-with-background-pages --disable-component-update --no-default-browser-check --disable-default-apps --disable-dev-shm-usage --disable-extensions --disable-features=ImprovedCookieControls,LazyFrameLoading,GlobalMediaControls,DestroyProfileOnBrowserClose,MediaRouter,DialMediaRouteProvider,AcceptCHFrame,AutoExpandDetailsElement,CertificateTransparencyComponentUpdater,AvoidUnnecessaryBeforeUnloadCheckSync,Translate,HttpsUpgrades,PaintHolding --allow-pre-commit-input --disable-hang-monitor --disable-ipc-flooding-protection --disable-popup-blocking --disable-prompt-on-repost --disable-renderer-backgrounding --force-color-profile=srgb --metrics-recording-only --no-first-run --password-store=basic --use-mock-keychain --no-service-autorun --export-tagged-pdf --disable-search-engine-choice-screen --no-sandbox --start-maximized --disable-blink-features=AutomationControlled --disable-infobars --no-default-browser-check --user-data-dir=/opt/***/playwright-profile --remote-debugging-pipe about:blank
  - <launched> pid=192
  - [pid=192][err] [192:206:0517/081443.691044:ERROR:bus.cc(407)] Failed to connect to the bus: Failed to connect to socket /run/dbus/system_bus_socket: No such file or directory
  - [pid=192][err] [192:192:0517/081443.751027:ERROR:ozone_platform_x11.cc(244)] Missing X server or $DISPLAY
  - [pid=192][err] [192:192:0517/081443.751107:ERROR:env.cc(258)] The platform failed to initialize.  Exiting.


[2026-05-17T08:14:44.016+0000] {taskinstance.py:441} INFO - ::group::Post task execution logs
[2026-05-17T08:14:44.017+0000] {taskinstance.py:2905} ERROR - Task failed with exception
Traceback (most recent call last):
  File "/home/airflow/.local/lib/python3.8/site-packages/airflow/models/taskinstance.py", line 465, in _execute_task
    result = _execute_callable(context=context, **execute_callable_kwargs)
  File "/home/airflow/.local/lib/python3.8/site-packages/airflow/models/taskinstance.py", line 432, in _execute_callable
    return execute_callable(context=context, **execute_callable_kwargs)
  File "/home/airflow/.local/lib/python3.8/site-packages/airflow/models/baseoperator.py", line 400, in wrapper
    return func(self, *args, **kwargs)
  File "/home/airflow/.local/lib/python3.8/site-packages/airflow/operators/python.py", line 235, in execute
    return_value = self.execute_callable()
  File "/home/airflow/.local/lib/python3.8/site-packages/airflow/operators/python.py", line 252, in execute_callable
    return self.python_callable(*self.op_args, **self.op_kwargs)
  File "/opt/airflow/dags/shopee_scraper.py", line 57, in run_scraper
    raise Exception(
Exception: Scraper gagal dengan exit code: 1
STDERR: ata-dir=/opt/***/playwright-profile --remote-debugging-pipe about:blank
  - <launched> pid=192
  - [pid=192][err] [192:206:0517/081443.691044:ERROR:bus.cc(407)] Failed to connect to the bus: Failed to connect to socket /run/dbus/system_bus_socket: No such file or directory
  - [pid=192][err] [192:192:0517/081443.751027:ERROR:ozone_platform_x11.cc(244)] Missing X server or $DISPLAY
  - [pid=192][err] [192:192:0517/081443.751107:ERROR:env.cc(258)] The platform failed to initialize.  Exiting.


[2026-05-17T08:14:44.077+0000] {taskinstance.py:1206} INFO - Marking task as FAILED. dag_id=shopee_to_mongodb, task_id=run_shopee_scraper, run_id=manual__2026-05-17T08:08:44+00:00, execution_date=20260517T080844, start_date=20260517T081437, end_date=20260517T081444
[2026-05-17T08:14:44.128+0000] {standard_task_runner.py:110} ERROR - Failed to execute job 47 for task run_shopee_scraper (Scraper gagal dengan exit code: 1
STDERR: ata-dir=/opt/***/playwright-profile --remote-debugging-pipe about:blank
  - <launched> pid=192
  - [pid=192][err] [192:206:0517/081443.691044:ERROR:bus.cc(407)] Failed to connect to the bus: Failed to connect to socket /run/dbus/system_bus_socket: No such file or directory
  - [pid=192][err] [192:192:0517/081443.751027:ERROR:ozone_platform_x11.cc(244)] Missing X server or $DISPLAY
  - [pid=192][err] [192:192:0517/081443.751107:ERROR:env.cc(258)] The platform failed to initialize.  Exiting.

; 177)
[2026-05-17T08:14:44.164+0000] {local_task_job_runner.py:240} INFO - Task exited with return code 1
[2026-05-17T08:14:44.229+0000] {taskinstance.py:3498} INFO - 0 downstream tasks scheduled from follow-on schedule check
[2026-05-17T08:14:44.249+0000] {local_task_job_runner.py:222} INFO - ::endgroup::
