[2026-05-27T02:09:37.552+0000] {local_task_job_runner.py:120} INFO - ::group::Pre task execution logs
[2026-05-27T02:09:37.597+0000] {taskinstance.py:2076} INFO - Dependencies all met for dep_context=non-requeueable deps ti=<TaskInstance: shopee_pipeline.transform_mysql manual__2026-05-27T01:59:05.279210+00:00 [queued]>
[2026-05-27T02:09:37.609+0000] {taskinstance.py:2076} INFO - Dependencies all met for dep_context=requeueable deps ti=<TaskInstance: shopee_pipeline.transform_mysql manual__2026-05-27T01:59:05.279210+00:00 [queued]>
[2026-05-27T02:09:37.610+0000] {taskinstance.py:2306} INFO - Starting attempt 2 of 2
[2026-05-27T02:09:37.631+0000] {taskinstance.py:2330} INFO - Executing <Task(PythonOperator): transform_mysql> on 2026-05-27 01:59:05.279210+00:00
[2026-05-27T02:09:37.636+0000] {standard_task_runner.py:63} INFO - Started process 5314 to run task
[2026-05-27T02:09:37.641+0000] {standard_task_runner.py:90} INFO - Running: ['***', 'tasks', 'run', 'shopee_pipeline', 'transform_mysql', 'manual__2026-05-27T01:59:05.279210+00:00', '--job-id', '156', '--raw', '--subdir', 'DAGS_FOLDER/shopee_dag.py', '--cfg-path', '/tmp/tmpmtb0tiig']
[2026-05-27T02:09:37.644+0000] {standard_task_runner.py:91} INFO - Job 156: Subtask transform_mysql
[2026-05-27T02:09:37.717+0000] {task_command.py:426} INFO - Running <TaskInstance: shopee_pipeline.transform_mysql manual__2026-05-27T01:59:05.279210+00:00 [running]> on host 42c92c361076
[2026-05-27T02:09:37.837+0000] {taskinstance.py:2648} INFO - Exporting env vars: AIRFLOW_CTX_DAG_OWNER='shopee-pipeline' AIRFLOW_CTX_DAG_ID='shopee_pipeline' AIRFLOW_CTX_TASK_ID='transform_mysql' AIRFLOW_CTX_EXECUTION_DATE='2026-05-27T01:59:05.279210+00:00' AIRFLOW_CTX_TRY_NUMBER='2' AIRFLOW_CTX_DAG_RUN_ID='manual__2026-05-27T01:59:05.279210+00:00'
[2026-05-27T02:09:37.838+0000] {taskinstance.py:430} INFO - ::endgroup::
[2026-05-27T02:09:37.852+0000] {shopee_dag.py:122} INFO - ▶ Task 3: Transform MongoDB → MySQL...
[2026-05-27T02:09:37.852+0000] {shopee_dag.py:123} INFO -    Script: /opt/***/dags/transform_to_mysql.py
[2026-05-27T02:09:37.969+0000] {shopee_dag.py:135} WARNING - STDERR:
python: can't open file '/opt/***/dags/transform_to_mysql.py': [Errno 2] No such file or directory

[2026-05-27T02:09:37.970+0000] {taskinstance.py:441} INFO - ::group::Post task execution logs
[2026-05-27T02:09:37.971+0000] {taskinstance.py:2905} ERROR - Task failed with exception
Traceback (most recent call last):
  File "/home/airflow/.local/lib/python3.8/site-packages/airflow/models/taskinstance.py", line 465, in _execute_task
    result = _execute_callable(context=context, **execute_callable_kwargs)
  File "/home/airflow/.local/lib/python3.8/site-packages/airflow/models/taskinstance.py", line 432, in _execute_callable
    return execute_callable(context=context, **execute_callable_kwargs)
  File "/home/airflow/.local/lib/python3.8/site-packages/airflow/models/baseoperator.py", line 400, in wrapper
    return func(self, *args, **kwargs)
  File "/home/airflow/.local/lib/python3.8/site-packages/airflow/operators/python.py", line 235, in execute
    return_value = self.execute_callable()
  File "/home/airflow/.local/lib/python3.8/site-packages/airflow/operators/python.py", line 252, in execute_callable
    return self.python_callable(*self.op_args, **self.op_kwargs)
  File "/opt/airflow/dags/shopee_dag.py", line 138, in transform_to_mysql
    raise Exception(
Exception: Transform gagal (exit code 2)
Error: python: can't open file '/opt/***/dags/transform_to_mysql.py': [Errno 2] No such file or directory

[2026-05-27T02:09:37.996+0000] {taskinstance.py:1206} INFO - Marking task as FAILED. dag_id=shopee_pipeline, task_id=transform_mysql, run_id=manual__2026-05-27T01:59:05.279210+00:00, execution_date=20260527T015905, start_date=20260527T020937, end_date=20260527T020937
[2026-05-27T02:09:38.016+0000] {standard_task_runner.py:110} ERROR - Failed to execute job 156 for task transform_mysql (Transform gagal (exit code 2)
Error: python: can't open file '/opt/***/dags/transform_to_mysql.py': [Errno 2] No such file or directory
; 5314)
[2026-05-27T02:09:38.056+0000] {local_task_job_runner.py:240} INFO - Task exited with return code 1
[2026-05-27T02:09:38.084+0000] {taskinstance.py:3498} INFO - 0 downstream tasks scheduled from follow-on schedule check
[2026-05-27T02:09:38.091+0000] {local_task_job_runner.py:222} INFO - ::endgroup::
