[2026-05-16T08:52:52.291+0000] {local_task_job_runner.py:120} INFO - ::group::Pre task execution logs
[2026-05-16T08:52:52.505+0000] {taskinstance.py:2076} INFO - Dependencies all met for dep_context=non-requeueable deps ti=<TaskInstance: shopee_scraper.scrape_shopee manual__2026-05-16T08:52:48.048067+00:00 [queued]>
[2026-05-16T08:52:52.528+0000] {taskinstance.py:2076} INFO - Dependencies all met for dep_context=requeueable deps ti=<TaskInstance: shopee_scraper.scrape_shopee manual__2026-05-16T08:52:48.048067+00:00 [queued]>
[2026-05-16T08:52:52.529+0000] {taskinstance.py:2306} INFO - Starting attempt 1 of 2
[2026-05-16T08:52:52.565+0000] {taskinstance.py:2330} INFO - Executing <Task(BashOperator): scrape_shopee> on 2026-05-16 08:52:48.048067+00:00
[2026-05-16T08:52:52.571+0000] {standard_task_runner.py:63} INFO - Started process 769 to run task
[2026-05-16T08:52:52.576+0000] {standard_task_runner.py:90} INFO - Running: ['***', 'tasks', 'run', 'shopee_scraper', 'scrape_shopee', 'manual__2026-05-16T08:52:48.048067+00:00', '--job-id', '19', '--raw', '--subdir', 'DAGS_FOLDER/shopee_dags.py', '--cfg-path', '/tmp/tmppccd5wfk']
[2026-05-16T08:52:52.580+0000] {standard_task_runner.py:91} INFO - Job 19: Subtask scrape_shopee
[2026-05-16T08:52:52.695+0000] {task_command.py:426} INFO - Running <TaskInstance: shopee_scraper.scrape_shopee manual__2026-05-16T08:52:48.048067+00:00 [running]> on host 4c6ba494bb65
[2026-05-16T08:52:52.971+0000] {taskinstance.py:2648} INFO - Exporting env vars: AIRFLOW_CTX_DAG_OWNER='abid' AIRFLOW_CTX_DAG_ID='shopee_scraper' AIRFLOW_CTX_TASK_ID='scrape_shopee' AIRFLOW_CTX_EXECUTION_DATE='2026-05-16T08:52:48.048067+00:00' AIRFLOW_CTX_TRY_NUMBER='1' AIRFLOW_CTX_DAG_RUN_ID='manual__2026-05-16T08:52:48.048067+00:00'
[2026-05-16T08:52:52.974+0000] {taskinstance.py:430} INFO - ::endgroup::
[2026-05-16T08:52:53.029+0000] {subprocess.py:63} INFO - Tmp dir root location: /tmp
[2026-05-16T08:52:53.032+0000] {subprocess.py:75} INFO - Running command: ['/usr/bin/bash', '-c', '\n        cd /opt/***/scripts &&\n        python playwright_shopee.py\n        ']
[2026-05-16T08:52:53.052+0000] {subprocess.py:86} INFO - Output:
[2026-05-16T08:52:59.121+0000] {subprocess.py:93} INFO - 🌐 Membuka browser Playwright...
[2026-05-16T08:52:59.127+0000] {subprocess.py:93} INFO - Traceback (most recent call last):
[2026-05-16T08:52:59.128+0000] {subprocess.py:93} INFO -   File "playwright_shopee.py", line 129, in <module>
[2026-05-16T08:52:59.128+0000] {subprocess.py:93} INFO -     browser = p.chromium.launch_persistent_context(
[2026-05-16T08:52:59.128+0000] {subprocess.py:93} INFO -   File "/home/***/.local/lib/python3.8/site-packages/playwright/sync_api/_generated.py", line 14716, in launch_persistent_context
[2026-05-16T08:52:59.129+0000] {subprocess.py:93} INFO -     self._sync(
[2026-05-16T08:52:59.129+0000] {subprocess.py:93} INFO -   File "/home/***/.local/lib/python3.8/site-packages/playwright/_impl/_sync_base.py", line 115, in _sync
[2026-05-16T08:52:59.130+0000] {subprocess.py:93} INFO -     return task.result()
[2026-05-16T08:52:59.130+0000] {subprocess.py:93} INFO -   File "/home/***/.local/lib/python3.8/site-packages/playwright/_impl/_browser_type.py", line 159, in launch_persistent_context
[2026-05-16T08:52:59.131+0000] {subprocess.py:93} INFO -     from_channel(await self._channel.send("launchPersistentContext", params)),
[2026-05-16T08:52:59.131+0000] {subprocess.py:93} INFO -   File "/home/***/.local/lib/python3.8/site-packages/playwright/_impl/_connection.py", line 59, in send
[2026-05-16T08:52:59.132+0000] {subprocess.py:93} INFO -     return await self._connection.wrap_api_call(
[2026-05-16T08:52:59.132+0000] {subprocess.py:93} INFO -   File "/home/***/.local/lib/python3.8/site-packages/playwright/_impl/_connection.py", line 520, in wrap_api_call
[2026-05-16T08:52:59.133+0000] {subprocess.py:93} INFO -     raise rewrite_error(error, f"{parsed_st['apiName']}: {error}") from None
[2026-05-16T08:52:59.133+0000] {subprocess.py:93} INFO - playwright._impl._errors.TargetClosedError: BrowserType.launch_persistent_context: Target page, context or browser has been closed
[2026-05-16T08:52:59.134+0000] {subprocess.py:93} INFO - Browser logs:
[2026-05-16T08:52:59.134+0000] {subprocess.py:93} INFO - 
[2026-05-16T08:52:59.135+0000] {subprocess.py:93} INFO - ╔════════════════════════════════════════════════════════════════════════════════════════════════╗
[2026-05-16T08:52:59.135+0000] {subprocess.py:93} INFO - ║ Looks like you launched a headed browser without having a XServer running.                     ║
[2026-05-16T08:52:59.136+0000] {subprocess.py:93} INFO - ║ Set either 'headless: true' or use 'xvfb-run <your-playwright-app>' before running Playwright. ║
[2026-05-16T08:52:59.136+0000] {subprocess.py:93} INFO - ║                                                                                                ║
[2026-05-16T08:52:59.137+0000] {subprocess.py:93} INFO - ║ <3 Playwright Team                                                                             ║
[2026-05-16T08:52:59.137+0000] {subprocess.py:93} INFO - ╚════════════════════════════════════════════════════════════════════════════════════════════════╝
[2026-05-16T08:52:59.138+0000] {subprocess.py:93} INFO - Call log:
[2026-05-16T08:52:59.138+0000] {subprocess.py:93} INFO - <launching> /home/***/.cache/ms-playwright/chromium-1140/chrome-linux/chrome --disable-field-trial-config --disable-background-networking --disable-background-timer-throttling --disable-backgrounding-occluded-windows --disable-back-forward-cache --disable-breakpad --disable-client-side-phishing-detection --disable-component-extensions-with-background-pages --disable-component-update --no-default-browser-check --disable-default-apps --disable-dev-shm-usage --disable-extensions --disable-features=ImprovedCookieControls,LazyFrameLoading,GlobalMediaControls,DestroyProfileOnBrowserClose,MediaRouter,DialMediaRouteProvider,AcceptCHFrame,AutoExpandDetailsElement,CertificateTransparencyComponentUpdater,AvoidUnnecessaryBeforeUnloadCheckSync,Translate,HttpsUpgrades,PaintHolding,ThirdPartyStoragePartitioning,LensOverlay,PlzDedicatedWorker --allow-pre-commit-input --disable-hang-monitor --disable-ipc-flooding-protection --disable-popup-blocking --disable-prompt-on-repost --disable-renderer-backgrounding --force-color-profile=srgb --metrics-recording-only --no-first-run --enable-automation --password-store=basic --use-mock-keychain --no-service-autorun --export-tagged-pdf --disable-search-engine-choice-screen --unsafely-disable-devtools-self-xss-warnings --no-sandbox --disable-blink-features=AutomationControlled --disable-dev-shm-usage --no-sandbox --disable-setuid-sandbox --disable-infobars --start-maximized --user-data-dir=/opt/***/playwright_profile --remote-debugging-pipe about:blank
[2026-05-16T08:52:59.139+0000] {subprocess.py:93} INFO -   - <launched> pid=785
[2026-05-16T08:52:59.139+0000] {subprocess.py:93} INFO -   - [pid=785][err] [785:800:0516/085258.990764:ERROR:bus.cc(407)] Failed to connect to the bus: Failed to connect to socket /run/dbus/system_bus_socket: No such file or directory
[2026-05-16T08:52:59.140+0000] {subprocess.py:93} INFO -   - [pid=785][err] [785:785:0516/085259.038169:ERROR:ozone_platform_x11.cc(244)] Missing X server or $DISPLAY
[2026-05-16T08:52:59.140+0000] {subprocess.py:93} INFO -   - [pid=785][err] [785:785:0516/085259.038331:ERROR:env.cc(258)] The platform failed to initialize.  Exiting.
[2026-05-16T08:52:59.141+0000] {subprocess.py:93} INFO - 
[2026-05-16T08:52:59.212+0000] {subprocess.py:97} INFO - Command exited with return code 1
[2026-05-16T08:52:59.216+0000] {taskinstance.py:441} INFO - ::group::Post task execution logs
[2026-05-16T08:52:59.238+0000] {taskinstance.py:2905} ERROR - Task failed with exception
Traceback (most recent call last):
  File "/home/airflow/.local/lib/python3.8/site-packages/airflow/models/taskinstance.py", line 465, in _execute_task
    result = _execute_callable(context=context, **execute_callable_kwargs)
  File "/home/airflow/.local/lib/python3.8/site-packages/airflow/models/taskinstance.py", line 432, in _execute_callable
    return execute_callable(context=context, **execute_callable_kwargs)
  File "/home/airflow/.local/lib/python3.8/site-packages/airflow/models/baseoperator.py", line 400, in wrapper
    return func(self, *args, **kwargs)
  File "/home/airflow/.local/lib/python3.8/site-packages/airflow/operators/bash.py", line 243, in execute
    raise AirflowException(
airflow.exceptions.AirflowException: Bash command failed. The command returned a non-zero exit code 1.
[2026-05-16T08:52:59.251+0000] {taskinstance.py:1206} INFO - Marking task as UP_FOR_RETRY. dag_id=shopee_scraper, task_id=scrape_shopee, run_id=manual__2026-05-16T08:52:48.048067+00:00, execution_date=20260516T085248, start_date=20260516T085252, end_date=20260516T085259
[2026-05-16T08:52:59.279+0000] {standard_task_runner.py:110} ERROR - Failed to execute job 19 for task scrape_shopee (Bash command failed. The command returned a non-zero exit code 1.; 769)
[2026-05-16T08:52:59.350+0000] {local_task_job_runner.py:240} INFO - Task exited with return code 1
[2026-05-16T08:52:59.382+0000] {taskinstance.py:3498} INFO - 0 downstream tasks scheduled from follow-on schedule check
[2026-05-16T08:52:59.386+0000] {local_task_job_runner.py:222} INFO - ::endgroup::
