[2026-05-16T06:35:59.429+0000] {taskinstance.py:1956} INFO - Dependencies all met for dep_context=non-requeueable deps ti=<TaskInstance: shopee_scraper.scrape_shopee manual__2026-05-16T06:35:56.371693+00:00 [queued]>
[2026-05-16T06:35:59.457+0000] {taskinstance.py:1956} INFO - Dependencies all met for dep_context=requeueable deps ti=<TaskInstance: shopee_scraper.scrape_shopee manual__2026-05-16T06:35:56.371693+00:00 [queued]>
[2026-05-16T06:35:59.458+0000] {taskinstance.py:2170} INFO - Starting attempt 1 of 2
[2026-05-16T06:35:59.502+0000] {taskinstance.py:2191} INFO - Executing <Task(BashOperator): scrape_shopee> on 2026-05-16 06:35:56.371693+00:00
[2026-05-16T06:35:59.512+0000] {standard_task_runner.py:60} INFO - Started process 197 to run task
[2026-05-16T06:35:59.526+0000] {standard_task_runner.py:87} INFO - Running: ['***', 'tasks', 'run', 'shopee_scraper', 'scrape_shopee', 'manual__2026-05-16T06:35:56.371693+00:00', '--job-id', '12', '--raw', '--subdir', 'DAGS_FOLDER/shopee_dags.py', '--cfg-path', '/tmp/tmpp6q9tzvf']
[2026-05-16T06:35:59.531+0000] {standard_task_runner.py:88} INFO - Job 12: Subtask scrape_shopee
[2026-05-16T06:35:59.860+0000] {task_command.py:423} INFO - Running <TaskInstance: shopee_scraper.scrape_shopee manual__2026-05-16T06:35:56.371693+00:00 [running]> on host 05b76f095b97
[2026-05-16T06:36:00.336+0000] {taskinstance.py:2480} INFO - Exporting env vars: AIRFLOW_CTX_DAG_OWNER='abid' AIRFLOW_CTX_DAG_ID='shopee_scraper' AIRFLOW_CTX_TASK_ID='scrape_shopee' AIRFLOW_CTX_EXECUTION_DATE='2026-05-16T06:35:56.371693+00:00' AIRFLOW_CTX_TRY_NUMBER='1' AIRFLOW_CTX_DAG_RUN_ID='manual__2026-05-16T06:35:56.371693+00:00'
[2026-05-16T06:36:00.352+0000] {subprocess.py:63} INFO - Tmp dir root location: /tmp
[2026-05-16T06:36:00.359+0000] {subprocess.py:75} INFO - Running command: ['/usr/bin/bash', '-c', '\n        cd /opt/***/scripts &&\n        python playwright_shopee.py\n        ']
[2026-05-16T06:36:00.397+0000] {subprocess.py:86} INFO - Output:
[2026-05-16T06:36:00.403+0000] {subprocess.py:93} INFO - /usr/bin/bash: line 2: cd: /opt/***/scripts: No such file or directory
[2026-05-16T06:36:00.406+0000] {subprocess.py:97} INFO - Command exited with return code 1
[2026-05-16T06:36:00.451+0000] {taskinstance.py:2698} ERROR - Task failed with exception
Traceback (most recent call last):
  File "/home/airflow/.local/lib/python3.8/site-packages/airflow/models/taskinstance.py", line 433, in _execute_task
    result = execute_callable(context=context, **execute_callable_kwargs)
  File "/home/airflow/.local/lib/python3.8/site-packages/airflow/operators/bash.py", line 212, in execute
    raise AirflowException(
airflow.exceptions.AirflowException: Bash command failed. The command returned a non-zero exit code 1.
[2026-05-16T06:36:00.467+0000] {taskinstance.py:1138} INFO - Marking task as UP_FOR_RETRY. dag_id=shopee_scraper, task_id=scrape_shopee, execution_date=20260516T063556, start_date=20260516T063559, end_date=20260516T063600
[2026-05-16T06:36:00.517+0000] {standard_task_runner.py:107} ERROR - Failed to execute job 12 for task scrape_shopee (Bash command failed. The command returned a non-zero exit code 1.; 197)
[2026-05-16T06:36:00.547+0000] {local_task_job_runner.py:234} INFO - Task exited with return code 1
[2026-05-16T06:36:00.606+0000] {taskinstance.py:3280} INFO - 0 downstream tasks scheduled from follow-on schedule check
