[2026-05-17T05:49:04.281+0000] {local_task_job_runner.py:120} INFO - ::group::Pre task execution logs
[2026-05-17T05:49:04.314+0000] {taskinstance.py:2076} INFO - Dependencies all met for dep_context=non-requeueable deps ti=<TaskInstance: shopee_to_mongodb.run_shopee_scraper manual__2026-05-17T05:37:40.573643+00:00 [queued]>
[2026-05-17T05:49:04.322+0000] {taskinstance.py:2076} INFO - Dependencies all met for dep_context=requeueable deps ti=<TaskInstance: shopee_to_mongodb.run_shopee_scraper manual__2026-05-17T05:37:40.573643+00:00 [queued]>
[2026-05-17T05:49:04.323+0000] {taskinstance.py:2306} INFO - Starting attempt 2 of 2
[2026-05-17T05:49:04.337+0000] {taskinstance.py:2330} INFO - Executing <Task(PythonOperator): run_shopee_scraper> on 2026-05-17 05:37:40.573643+00:00
[2026-05-17T05:49:04.341+0000] {standard_task_runner.py:63} INFO - Started process 227 to run task
[2026-05-17T05:49:04.343+0000] {standard_task_runner.py:90} INFO - Running: ['***', 'tasks', 'run', 'shopee_to_mongodb', 'run_shopee_scraper', 'manual__2026-05-17T05:37:40.573643+00:00', '--job-id', '42', '--raw', '--subdir', 'DAGS_FOLDER/shopee_scraper.py', '--cfg-path', '/tmp/tmpdee99d1x']
[2026-05-17T05:49:04.345+0000] {standard_task_runner.py:91} INFO - Job 42: Subtask run_shopee_scraper
[2026-05-17T05:49:04.402+0000] {task_command.py:426} INFO - Running <TaskInstance: shopee_to_mongodb.run_shopee_scraper manual__2026-05-17T05:37:40.573643+00:00 [running]> on host 30ffdd0a484b
[2026-05-17T05:49:04.784+0000] {taskinstance.py:2648} INFO - Exporting env vars: AIRFLOW_CTX_DAG_OWNER='shopee-pipeline' AIRFLOW_CTX_DAG_ID='shopee_to_mongodb' AIRFLOW_CTX_TASK_ID='run_shopee_scraper' AIRFLOW_CTX_EXECUTION_DATE='2026-05-17T05:37:40.573643+00:00' AIRFLOW_CTX_TRY_NUMBER='2' AIRFLOW_CTX_DAG_RUN_ID='manual__2026-05-17T05:37:40.573643+00:00'
[2026-05-17T05:49:04.790+0000] {taskinstance.py:430} INFO - ::endgroup::
[2026-05-17T05:49:04.837+0000] {shopee_scraper.py:40} INFO - ▶ Memulai scraper Shopee...
[2026-05-17T05:49:04.838+0000] {shopee_scraper.py:41} INFO -   Script : /opt/***/dags/playwright_shopee.py
[2026-05-17T05:49:04.838+0000] {shopee_scraper.py:42} INFO -   Keyword: msi gaming
[2026-05-17T05:49:05.360+0000] {shopee_scraper.py:54} WARNING - STDERR SCRAPER:
Traceback (most recent call last):
  File "/opt/***/dags/playwright_shopee.py", line 8, in <module>
    from playwright_stealth import stealth_sync
ModuleNotFoundError: No module named 'playwright_stealth'

[2026-05-17T05:49:05.362+0000] {taskinstance.py:441} INFO - ::group::Post task execution logs
[2026-05-17T05:49:05.363+0000] {taskinstance.py:2905} ERROR - Task failed with exception
Traceback (most recent call last):
  File "/home/airflow/.local/lib/python3.8/site-packages/airflow/models/taskinstance.py", line 465, in _execute_task
    result = _execute_callable(context=context, **execute_callable_kwargs)
  File "/home/airflow/.local/lib/python3.8/site-packages/airflow/models/taskinstance.py", line 432, in _execute_callable
    return execute_callable(context=context, **execute_callable_kwargs)
  File "/home/airflow/.local/lib/python3.8/site-packages/airflow/models/baseoperator.py", line 400, in wrapper
    return func(self, *args, **kwargs)
  File "/home/airflow/.local/lib/python3.8/site-packages/airflow/operators/python.py", line 235, in execute
    return_value = self.execute_callable()
  File "/home/airflow/.local/lib/python3.8/site-packages/airflow/operators/python.py", line 252, in execute_callable
    return self.python_callable(*self.op_args, **self.op_kwargs)
  File "/opt/airflow/dags/shopee_scraper.py", line 57, in run_scraper
    raise Exception(
Exception: Scraper gagal dengan exit code: 1
STDERR: Traceback (most recent call last):
  File "/opt/***/dags/playwright_shopee.py", line 8, in <module>
    from playwright_stealth import stealth_sync
ModuleNotFoundError: No module named 'playwright_stealth'

[2026-05-17T05:49:05.383+0000] {taskinstance.py:1206} INFO - Marking task as FAILED. dag_id=shopee_to_mongodb, task_id=run_shopee_scraper, run_id=manual__2026-05-17T05:37:40.573643+00:00, execution_date=20260517T053740, start_date=20260517T054904, end_date=20260517T054905
[2026-05-17T05:49:05.398+0000] {standard_task_runner.py:110} ERROR - Failed to execute job 42 for task run_shopee_scraper (Scraper gagal dengan exit code: 1
STDERR: Traceback (most recent call last):
  File "/opt/***/dags/playwright_shopee.py", line 8, in <module>
    from playwright_stealth import stealth_sync
ModuleNotFoundError: No module named 'playwright_stealth'
; 227)
[2026-05-17T05:49:05.441+0000] {local_task_job_runner.py:240} INFO - Task exited with return code 1
[2026-05-17T05:49:05.463+0000] {taskinstance.py:3498} INFO - 0 downstream tasks scheduled from follow-on schedule check
[2026-05-17T05:49:05.468+0000] {local_task_job_runner.py:222} INFO - ::endgroup::
