[2026-05-27T02:04:35.237+0000] {local_task_job_runner.py:120} INFO - ::group::Pre task execution logs
[2026-05-27T02:04:35.281+0000] {taskinstance.py:2076} INFO - Dependencies all met for dep_context=non-requeueable deps ti=<TaskInstance: shopee_pipeline.verify_mongodb manual__2026-05-27T01:59:05.279210+00:00 [queued]>
[2026-05-27T02:04:35.290+0000] {taskinstance.py:2076} INFO - Dependencies all met for dep_context=requeueable deps ti=<TaskInstance: shopee_pipeline.verify_mongodb manual__2026-05-27T01:59:05.279210+00:00 [queued]>
[2026-05-27T02:04:35.291+0000] {taskinstance.py:2306} INFO - Starting attempt 1 of 2
[2026-05-27T02:04:35.308+0000] {taskinstance.py:2330} INFO - Executing <Task(PythonOperator): verify_mongodb> on 2026-05-27 01:59:05.279210+00:00
[2026-05-27T02:04:35.314+0000] {standard_task_runner.py:63} INFO - Started process 4492 to run task
[2026-05-27T02:04:35.317+0000] {standard_task_runner.py:90} INFO - Running: ['***', 'tasks', 'run', 'shopee_pipeline', 'verify_mongodb', 'manual__2026-05-27T01:59:05.279210+00:00', '--job-id', '153', '--raw', '--subdir', 'DAGS_FOLDER/shopee_dag.py', '--cfg-path', '/tmp/tmp89dr6ey3']
[2026-05-27T02:04:35.320+0000] {standard_task_runner.py:91} INFO - Job 153: Subtask verify_mongodb
[2026-05-27T02:04:35.391+0000] {task_command.py:426} INFO - Running <TaskInstance: shopee_pipeline.verify_mongodb manual__2026-05-27T01:59:05.279210+00:00 [running]> on host 42c92c361076
[2026-05-27T02:04:35.507+0000] {taskinstance.py:2648} INFO - Exporting env vars: AIRFLOW_CTX_DAG_OWNER='shopee-pipeline' AIRFLOW_CTX_DAG_ID='shopee_pipeline' AIRFLOW_CTX_TASK_ID='verify_mongodb' AIRFLOW_CTX_EXECUTION_DATE='2026-05-27T01:59:05.279210+00:00' AIRFLOW_CTX_TRY_NUMBER='1' AIRFLOW_CTX_DAG_RUN_ID='manual__2026-05-27T01:59:05.279210+00:00'
[2026-05-27T02:04:35.508+0000] {taskinstance.py:430} INFO - ::endgroup::
[2026-05-27T02:04:35.522+0000] {shopee_dag.py:91} INFO - ▶ Task 2: Verifikasi MongoDB...
[2026-05-27T02:04:35.541+0000] {logger.py:96} INFO - {"message": "Waiting for suitable server to become available", "selector": "Primary()", "operation": "count", "topologyDescription": "<TopologyDescription id: 6a1651331735adf65400cb12, topology_type: Unknown, servers: [<ServerDescription ('mongodb', 27017) server_type: Unknown, rtt: None>]>", "clientId": {"$oid": "6a1651331735adf65400cb12"}, "remainingTimeMS": 4}
[2026-05-27T02:04:35.583+0000] {shopee_dag.py:100} INFO -    Tanggal      : 2026-05-27
[2026-05-27T02:04:35.584+0000] {shopee_dag.py:101} INFO -    Keyword      : msi gaming
[2026-05-27T02:04:35.585+0000] {shopee_dag.py:102} INFO -    Dokumen baru : 344
[2026-05-27T02:04:35.586+0000] {shopee_dag.py:103} INFO -    Total DB     : 671
[2026-05-27T02:04:35.633+0000] {shopee_dag.py:115} INFO - ✅ MongoDB OK: 344 dokumen baru.
[2026-05-27T02:04:35.634+0000] {python.py:237} INFO - Done. Returned value was: None
[2026-05-27T02:04:35.635+0000] {taskinstance.py:441} INFO - ::group::Post task execution logs
[2026-05-27T02:04:35.665+0000] {taskinstance.py:1206} INFO - Marking task as SUCCESS. dag_id=shopee_pipeline, task_id=verify_mongodb, run_id=manual__2026-05-27T01:59:05.279210+00:00, execution_date=20260527T015905, start_date=20260527T020435, end_date=20260527T020435
[2026-05-27T02:04:35.732+0000] {local_task_job_runner.py:240} INFO - Task exited with return code 0
[2026-05-27T02:04:35.794+0000] {taskinstance.py:3498} INFO - 1 downstream tasks scheduled from follow-on schedule check
[2026-05-27T02:04:35.800+0000] {local_task_job_runner.py:222} INFO - ::endgroup::
