[2026-05-17T09:14:05.093+0000] {local_task_job_runner.py:120} INFO - ::group::Pre task execution logs
[2026-05-17T09:14:05.176+0000] {taskinstance.py:2076} INFO - Dependencies all met for dep_context=non-requeueable deps ti=<TaskInstance: shopee_to_mongodb.run_shopee_scraper manual__2026-05-17T09:14:00.944833+00:00 [queued]>
[2026-05-17T09:14:05.188+0000] {taskinstance.py:2076} INFO - Dependencies all met for dep_context=requeueable deps ti=<TaskInstance: shopee_to_mongodb.run_shopee_scraper manual__2026-05-17T09:14:00.944833+00:00 [queued]>
[2026-05-17T09:14:05.188+0000] {taskinstance.py:2306} INFO - Starting attempt 1 of 2
[2026-05-17T09:14:05.214+0000] {taskinstance.py:2330} INFO - Executing <Task(PythonOperator): run_shopee_scraper> on 2026-05-17 09:14:00.944833+00:00
[2026-05-17T09:14:05.220+0000] {standard_task_runner.py:63} INFO - Started process 3674 to run task
[2026-05-17T09:14:05.225+0000] {standard_task_runner.py:90} INFO - Running: ['***', 'tasks', 'run', 'shopee_to_mongodb', 'run_shopee_scraper', 'manual__2026-05-17T09:14:00.944833+00:00', '--job-id', '140', '--raw', '--subdir', 'DAGS_FOLDER/shopee_scraper.py', '--cfg-path', '/tmp/tmpavkdc1d1']
[2026-05-17T09:14:05.227+0000] {standard_task_runner.py:91} INFO - Job 140: Subtask run_shopee_scraper
[2026-05-17T09:14:05.294+0000] {task_command.py:426} INFO - Running <TaskInstance: shopee_to_mongodb.run_shopee_scraper manual__2026-05-17T09:14:00.944833+00:00 [running]> on host deb1f5070230
[2026-05-17T09:14:05.441+0000] {taskinstance.py:2648} INFO - Exporting env vars: AIRFLOW_CTX_DAG_OWNER='shopee-pipeline' AIRFLOW_CTX_DAG_ID='shopee_to_mongodb' AIRFLOW_CTX_TASK_ID='run_shopee_scraper' AIRFLOW_CTX_EXECUTION_DATE='2026-05-17T09:14:00.944833+00:00' AIRFLOW_CTX_TRY_NUMBER='1' AIRFLOW_CTX_DAG_RUN_ID='manual__2026-05-17T09:14:00.944833+00:00'
[2026-05-17T09:14:05.443+0000] {taskinstance.py:430} INFO - ::endgroup::
[2026-05-17T09:14:05.478+0000] {shopee_scraper.py:40} INFO - ▶ Memulai scraper Shopee...
[2026-05-17T09:14:05.479+0000] {shopee_scraper.py:41} INFO -   Script : /opt/***/dags/playwright_shopee.py
[2026-05-17T09:14:05.480+0000] {shopee_scraper.py:42} INFO -   Keyword: msi gaming
[2026-05-17T09:14:24.341+0000] {shopee_scraper.py:52} INFO - OUTPUT SCRAPER:
🌐 Membuka Chromium...
🍪 Inject cookies Shopee...
✅ 16 cookies berhasil diload dari /opt/***/dags/shopee_cookies.json
🌍 Membuka Shopee search...
📄 URL   : https://shopee.co.id/search?keyword=msi%20gaming
📄 TITLE : Jual msi gaming Harga Terbaik & Termurah Mei 2026 | Shopee Indonesia
❌ Kena traffic verify — cookies mungkin expired.
⚠️  Export ulang cookies dari Chrome dan update shopee_cookies.json

[2026-05-17T09:14:24.360+0000] {shopee_scraper.py:54} WARNING - STDERR SCRAPER:
Traceback (most recent call last):
  File "/opt/***/dags/playwright_shopee.py", line 218, in <module>
    raise RuntimeError(
RuntimeError: Shopee traffic verify detected. Update shopee_cookies.json dari Cookie-Editor.

[2026-05-17T09:14:24.365+0000] {taskinstance.py:441} INFO - ::group::Post task execution logs
[2026-05-17T09:14:24.378+0000] {taskinstance.py:2905} ERROR - Task failed with exception
Traceback (most recent call last):
  File "/home/airflow/.local/lib/python3.8/site-packages/airflow/models/taskinstance.py", line 465, in _execute_task
    result = _execute_callable(context=context, **execute_callable_kwargs)
  File "/home/airflow/.local/lib/python3.8/site-packages/airflow/models/taskinstance.py", line 432, in _execute_callable
    return execute_callable(context=context, **execute_callable_kwargs)
  File "/home/airflow/.local/lib/python3.8/site-packages/airflow/models/baseoperator.py", line 400, in wrapper
    return func(self, *args, **kwargs)
  File "/home/airflow/.local/lib/python3.8/site-packages/airflow/operators/python.py", line 235, in execute
    return_value = self.execute_callable()
  File "/home/airflow/.local/lib/python3.8/site-packages/airflow/operators/python.py", line 252, in execute_callable
    return self.python_callable(*self.op_args, **self.op_kwargs)
  File "/opt/airflow/dags/shopee_scraper.py", line 57, in run_scraper
    raise Exception(
Exception: Scraper gagal dengan exit code: 1
STDERR: Traceback (most recent call last):
  File "/opt/***/dags/playwright_shopee.py", line 218, in <module>
    raise RuntimeError(
RuntimeError: Shopee traffic verify detected. Update shopee_cookies.json dari Cookie-Editor.

[2026-05-17T09:14:24.518+0000] {taskinstance.py:1206} INFO - Marking task as UP_FOR_RETRY. dag_id=shopee_to_mongodb, task_id=run_shopee_scraper, run_id=manual__2026-05-17T09:14:00.944833+00:00, execution_date=20260517T091400, start_date=20260517T091405, end_date=20260517T091424
[2026-05-17T09:14:24.606+0000] {standard_task_runner.py:110} ERROR - Failed to execute job 140 for task run_shopee_scraper (Scraper gagal dengan exit code: 1
STDERR: Traceback (most recent call last):
  File "/opt/***/dags/playwright_shopee.py", line 218, in <module>
    raise RuntimeError(
RuntimeError: Shopee traffic verify detected. Update shopee_cookies.json dari Cookie-Editor.
; 3674)
[2026-05-17T09:14:24.645+0000] {local_task_job_runner.py:240} INFO - Task exited with return code 1
[2026-05-17T09:14:24.763+0000] {taskinstance.py:3498} INFO - 0 downstream tasks scheduled from follow-on schedule check
[2026-05-17T09:14:24.769+0000] {local_task_job_runner.py:222} INFO - ::endgroup::
