[2026-05-17T08:51:56.904+0000] {local_task_job_runner.py:120} INFO - ::group::Pre task execution logs
[2026-05-17T08:51:57.280+0000] {taskinstance.py:2076} INFO - Dependencies all met for dep_context=non-requeueable deps ti=<TaskInstance: shopee_to_mongodb.verify_mongo_data manual__2026-05-17T08:44:11.092947+00:00 [queued]>
[2026-05-17T08:51:57.402+0000] {taskinstance.py:2076} INFO - Dependencies all met for dep_context=requeueable deps ti=<TaskInstance: shopee_to_mongodb.verify_mongo_data manual__2026-05-17T08:44:11.092947+00:00 [queued]>
[2026-05-17T08:51:57.433+0000] {taskinstance.py:2306} INFO - Starting attempt 2 of 2
[2026-05-17T08:51:57.539+0000] {taskinstance.py:2330} INFO - Executing <Task(PythonOperator): verify_mongo_data> on 2026-05-17 08:44:11.092947+00:00
[2026-05-17T08:51:57.570+0000] {standard_task_runner.py:63} INFO - Started process 1944 to run task
[2026-05-17T08:51:57.581+0000] {standard_task_runner.py:90} INFO - Running: ['***', 'tasks', 'run', 'shopee_to_mongodb', 'verify_mongo_data', 'manual__2026-05-17T08:44:11.092947+00:00', '--job-id', '103', '--raw', '--subdir', 'DAGS_FOLDER/shopee_scraper.py', '--cfg-path', '/tmp/tmp_a0sm_68']
[2026-05-17T08:51:57.591+0000] {standard_task_runner.py:91} INFO - Job 103: Subtask verify_mongo_data
[2026-05-17T08:51:57.753+0000] {task_command.py:426} INFO - Running <TaskInstance: shopee_to_mongodb.verify_mongo_data manual__2026-05-17T08:44:11.092947+00:00 [running]> on host deb1f5070230
[2026-05-17T08:51:58.049+0000] {taskinstance.py:2648} INFO - Exporting env vars: AIRFLOW_CTX_DAG_OWNER='shopee-pipeline' AIRFLOW_CTX_DAG_ID='shopee_to_mongodb' AIRFLOW_CTX_TASK_ID='verify_mongo_data' AIRFLOW_CTX_EXECUTION_DATE='2026-05-17T08:44:11.092947+00:00' AIRFLOW_CTX_TRY_NUMBER='2' AIRFLOW_CTX_DAG_RUN_ID='manual__2026-05-17T08:44:11.092947+00:00'
[2026-05-17T08:51:58.052+0000] {taskinstance.py:430} INFO - ::endgroup::
[2026-05-17T08:51:58.115+0000] {shopee_scraper.py:69} INFO - 🔍 Verifikasi data di MongoDB...
[2026-05-17T08:51:58.146+0000] {logger.py:96} INFO - {"message": "Waiting for suitable server to become available", "selector": "Primary()", "operation": "count", "topologyDescription": "<TopologyDescription id: 6a0981aea19e017bc443fcd0, topology_type: Unknown, servers: [<ServerDescription ('mongodb', 27017) server_type: Unknown, rtt: None>]>", "clientId": {"$oid": "6a0981aea19e017bc443fcd0"}, "remainingTimeMS": 4}
[2026-05-17T08:51:58.416+0000] {shopee_scraper.py:83} INFO -   Tanggal  : 2026-05-17
[2026-05-17T08:51:58.417+0000] {shopee_scraper.py:84} INFO -   Keyword  : msi gaming
[2026-05-17T08:51:58.418+0000] {shopee_scraper.py:85} INFO -   Dokumen baru  : 0
[2026-05-17T08:51:58.418+0000] {shopee_scraper.py:86} INFO -   Total DB : 327 dokumen
[2026-05-17T08:51:58.423+0000] {taskinstance.py:441} INFO - ::group::Post task execution logs
[2026-05-17T08:51:58.425+0000] {taskinstance.py:2905} ERROR - Task failed with exception
Traceback (most recent call last):
  File "/home/airflow/.local/lib/python3.8/site-packages/airflow/models/taskinstance.py", line 465, in _execute_task
    result = _execute_callable(context=context, **execute_callable_kwargs)
  File "/home/airflow/.local/lib/python3.8/site-packages/airflow/models/taskinstance.py", line 432, in _execute_callable
    return execute_callable(context=context, **execute_callable_kwargs)
  File "/home/airflow/.local/lib/python3.8/site-packages/airflow/models/baseoperator.py", line 400, in wrapper
    return func(self, *args, **kwargs)
  File "/home/airflow/.local/lib/python3.8/site-packages/airflow/operators/python.py", line 235, in execute
    return_value = self.execute_callable()
  File "/home/airflow/.local/lib/python3.8/site-packages/airflow/operators/python.py", line 252, in execute_callable
    return self.python_callable(*self.op_args, **self.op_kwargs)
  File "/opt/airflow/dags/shopee_scraper.py", line 91, in verify_mongo
    raise ValueError(
ValueError: Tidak ada data baru untuk keyword 'msi gaming' pada 2026-05-17. Cek apakah scraper berjalan dengan benar.
[2026-05-17T08:51:58.447+0000] {taskinstance.py:1206} INFO - Marking task as FAILED. dag_id=shopee_to_mongodb, task_id=verify_mongo_data, run_id=manual__2026-05-17T08:44:11.092947+00:00, execution_date=20260517T084411, start_date=20260517T085157, end_date=20260517T085158
[2026-05-17T08:51:58.477+0000] {standard_task_runner.py:110} ERROR - Failed to execute job 103 for task verify_mongo_data (Tidak ada data baru untuk keyword 'msi gaming' pada 2026-05-17. Cek apakah scraper berjalan dengan benar.; 1944)
[2026-05-17T08:51:58.499+0000] {local_task_job_runner.py:240} INFO - Task exited with return code 1
[2026-05-17T08:51:58.542+0000] {taskinstance.py:3498} INFO - 0 downstream tasks scheduled from follow-on schedule check
[2026-05-17T08:51:58.551+0000] {local_task_job_runner.py:222} INFO - ::endgroup::
