[2026-05-17T08:44:24.701+0000] {local_task_job_runner.py:120} INFO - ::group::Pre task execution logs
[2026-05-17T08:44:24.898+0000] {taskinstance.py:2076} INFO - Dependencies all met for dep_context=non-requeueable deps ti=<TaskInstance: shopee_to_mongodb.run_shopee_scraper manual__2026-05-17T08:44:11.092947+00:00 [queued]>
[2026-05-17T08:44:24.945+0000] {taskinstance.py:2076} INFO - Dependencies all met for dep_context=requeueable deps ti=<TaskInstance: shopee_to_mongodb.run_shopee_scraper manual__2026-05-17T08:44:11.092947+00:00 [queued]>
[2026-05-17T08:44:24.946+0000] {taskinstance.py:2306} INFO - Starting attempt 1 of 2
[2026-05-17T08:44:25.000+0000] {taskinstance.py:2330} INFO - Executing <Task(PythonOperator): run_shopee_scraper> on 2026-05-17 08:44:11.092947+00:00
[2026-05-17T08:44:25.030+0000] {standard_task_runner.py:63} INFO - Started process 468 to run task
[2026-05-17T08:44:25.159+0000] {standard_task_runner.py:90} INFO - Running: ['***', 'tasks', 'run', 'shopee_to_mongodb', 'run_shopee_scraper', 'manual__2026-05-17T08:44:11.092947+00:00', '--job-id', '99', '--raw', '--subdir', 'DAGS_FOLDER/shopee_scraper.py', '--cfg-path', '/tmp/tmp4zpumey5']
[2026-05-17T08:44:25.176+0000] {standard_task_runner.py:91} INFO - Job 99: Subtask run_shopee_scraper
[2026-05-17T08:44:27.844+0000] {task_command.py:426} INFO - Running <TaskInstance: shopee_to_mongodb.run_shopee_scraper manual__2026-05-17T08:44:11.092947+00:00 [running]> on host deb1f5070230
[2026-05-17T08:44:32.830+0000] {taskinstance.py:2648} INFO - Exporting env vars: AIRFLOW_CTX_DAG_OWNER='shopee-pipeline' AIRFLOW_CTX_DAG_ID='shopee_to_mongodb' AIRFLOW_CTX_TASK_ID='run_shopee_scraper' AIRFLOW_CTX_EXECUTION_DATE='2026-05-17T08:44:11.092947+00:00' AIRFLOW_CTX_TRY_NUMBER='1' AIRFLOW_CTX_DAG_RUN_ID='manual__2026-05-17T08:44:11.092947+00:00'
[2026-05-17T08:44:32.835+0000] {taskinstance.py:430} INFO - ::endgroup::
[2026-05-17T08:44:32.913+0000] {shopee_scraper.py:40} INFO - ▶ Memulai scraper Shopee...
[2026-05-17T08:44:32.914+0000] {shopee_scraper.py:41} INFO -   Script : /opt/***/dags/playwright_shopee.py
[2026-05-17T08:44:32.916+0000] {shopee_scraper.py:42} INFO -   Keyword: msi gaming
[2026-05-17T08:46:46.602+0000] {shopee_scraper.py:52} INFO - OUTPUT SCRAPER:
🌐 Membuka Chromium...
🍪 Inject cookies Shopee...
✅ 8 cookies berhasil diload dari /opt/***/dags/shopee_cookies.json
🌍 Membuka Shopee search...
📄 URL   : https://shopee.co.id/search?keyword=msi%20gaming
📄 TITLE : Shopee Indonesia | Situs Belanja Online Terlengkap & Terpercaya
✅ Session valid, mulai scraping...
✅ Terhubung MongoDB: shopee_raw.products

=================================
📄 PAGE 1/5
=================================
🌍 https://shopee.co.id/search?keyword=msi%20gaming&page=0
🖱️ Scrolling...
📄 URL   : https://shopee.co.id/verify/traffic/error?home_url=https%3A%2F%2Fshopee.co.id&is_logged_in=false&next=https%3A%2F%2Fshopee.co.id%2Fsearch%3Fkeyword%3Dmsi%2520gaming%26page%3D0&tracking_id=127b4db94b-19a9-460f-918f-223a3ebe3d05&type=4
📄 TITLE : Shopee Indonesia | Situs Belanja Online Terlengkap & Terpercaya
🔍 Mengambil item produk...
📦 Total item ditemukan: 0
❌ Produk kosong, simpan HTML debug.

=================================
📄 PAGE 2/5
=================================
🌍 https://shopee.co.id/search?keyword=msi%20gaming&page=1
🖱️ Scrolling...
📄 URL   : https://shopee.co.id/search?keyword=msi%20gaming&page=0
📄 TITLE : 
🔍 Mengambil item produk...
📦 Total item ditemukan: 0
❌ Produk kosong, simpan HTML debug.

=================================
📄 PAGE 3/5
=================================
🌍 https://shopee.co.id/search?keyword=msi%20gaming&page=2
🖱️ Scrolling...
📄 URL   : https://shopee.co.id/verify/traffic/error?home_url=https%3A%2F%2Fshopee.co.id&is_logged_in=false&next=https%3A%2F%2Fshopee.co.id%2Fsearch%3Fkeyword%3Dmsi%2520gaming%26page%3D0&tracking_id=20432978ad3-448b-4733-a561-03e1bc091932&type=4
📄 TITLE : Shopee Indonesia | Situs Belanja Online Terlengkap & Terpercaya
🔍 Mengambil item produk...
📦 Total item ditemukan: 0
❌ Produk kosong, simpan HTML debug.

=================================
📄 PAGE 4/5
=================================
🌍 https://shopee.co.id/search?keyword=msi%20gaming&page=3
🖱️ Scrolling...
📄 URL   : https://shopee.co.id/verify/traffic/error?home_url=https%3A%2F%2Fshopee.co.id&is_logged_in=false&next=https%3A%2F%2Fshopee.co.id%2Fsearch%3Fkeyword%3Dmsi%2520gaming%26page%3D0&tracking_id=2214d05b013-8db8-468a-a60d-a5405fad2907&type=4
📄 TITLE : Shopee Indonesia | Situs Belanja Online Terlengkap & Terpercaya
🔍 Mengambil item produk...
📦 Total item ditemukan: 0
❌ Produk kosong, simpan HTML debug.

=================================
📄 PAGE 5/5
=================================
🌍 https://shopee.co.id/search?keyword=msi%20gaming&page=4
🖱️ Scrolling...
📄 URL   : https://shopee.co.id/verify/traffic/error?home_url=https%3A%2F%2Fshopee.co.id&is_logged_in=false&next=https%3A%2F%2Fshopee.co.id%2Fsearch%3Fkeyword%3Dmsi%2520gaming%26page%3D0&tracking_id=272a1d70faf-9b09-4b24-9cb1-7f07bd3052fd&type=4
📄 TITLE : Shopee Indonesia | Situs Belanja Online Terlengkap & Terpercaya
🔍 Mengambil item produk...
📦 Total item ditemukan: 0
❌ Produk kosong, simpan HTML debug.

=================================
📊 SELESAI
=================================
Total scrape : 0
Inserted     : 0
Updated      : 0
=================================
🛑 Browser ditutup

[2026-05-17T08:46:46.695+0000] {shopee_scraper.py:62} INFO - ✅ Scraper selesai.
[2026-05-17T08:46:46.712+0000] {python.py:237} INFO - Done. Returned value was: None
[2026-05-17T08:46:46.809+0000] {taskinstance.py:441} INFO - ::group::Post task execution logs
[2026-05-17T08:46:47.220+0000] {taskinstance.py:1206} INFO - Marking task as SUCCESS. dag_id=shopee_to_mongodb, task_id=run_shopee_scraper, run_id=manual__2026-05-17T08:44:11.092947+00:00, execution_date=20260517T084411, start_date=20260517T084424, end_date=20260517T084647
[2026-05-17T08:46:47.568+0000] {local_task_job_runner.py:240} INFO - Task exited with return code 0
[2026-05-17T08:46:47.878+0000] {taskinstance.py:3498} INFO - 0 downstream tasks scheduled from follow-on schedule check
[2026-05-17T08:46:47.886+0000] {local_task_job_runner.py:222} INFO - ::endgroup::
