[2026-05-17T08:45:02.754+0000] {local_task_job_runner.py:120} INFO - ::group::Pre task execution logs
[2026-05-17T08:45:02.897+0000] {taskinstance.py:2076} INFO - Dependencies all met for dep_context=non-requeueable deps ti=<TaskInstance: shopee_to_mongodb.run_shopee_scraper manual__2026-05-17T08:39:36.791864+00:00 [queued]>
[2026-05-17T08:45:02.911+0000] {taskinstance.py:2076} INFO - Dependencies all met for dep_context=requeueable deps ti=<TaskInstance: shopee_to_mongodb.run_shopee_scraper manual__2026-05-17T08:39:36.791864+00:00 [queued]>
[2026-05-17T08:45:02.912+0000] {taskinstance.py:2306} INFO - Starting attempt 2 of 2
[2026-05-17T08:45:02.954+0000] {taskinstance.py:2330} INFO - Executing <Task(PythonOperator): run_shopee_scraper> on 2026-05-17 08:39:36.791864+00:00
[2026-05-17T08:45:02.964+0000] {standard_task_runner.py:63} INFO - Started process 597 to run task
[2026-05-17T08:45:02.969+0000] {standard_task_runner.py:90} INFO - Running: ['***', 'tasks', 'run', 'shopee_to_mongodb', 'run_shopee_scraper', 'manual__2026-05-17T08:39:36.791864+00:00', '--job-id', '100', '--raw', '--subdir', 'DAGS_FOLDER/shopee_scraper.py', '--cfg-path', '/tmp/tmp3wtnwcik']
[2026-05-17T08:45:02.975+0000] {standard_task_runner.py:91} INFO - Job 100: Subtask run_shopee_scraper
[2026-05-17T08:45:03.207+0000] {task_command.py:426} INFO - Running <TaskInstance: shopee_to_mongodb.run_shopee_scraper manual__2026-05-17T08:39:36.791864+00:00 [running]> on host deb1f5070230
[2026-05-17T08:45:03.689+0000] {taskinstance.py:2648} INFO - Exporting env vars: AIRFLOW_CTX_DAG_OWNER='shopee-pipeline' AIRFLOW_CTX_DAG_ID='shopee_to_mongodb' AIRFLOW_CTX_TASK_ID='run_shopee_scraper' AIRFLOW_CTX_EXECUTION_DATE='2026-05-17T08:39:36.791864+00:00' AIRFLOW_CTX_TRY_NUMBER='2' AIRFLOW_CTX_DAG_RUN_ID='manual__2026-05-17T08:39:36.791864+00:00'
[2026-05-17T08:45:03.701+0000] {taskinstance.py:430} INFO - ::endgroup::
[2026-05-17T08:45:03.776+0000] {shopee_scraper.py:40} INFO - ▶ Memulai scraper Shopee...
[2026-05-17T08:45:03.777+0000] {shopee_scraper.py:41} INFO -   Script : /opt/***/dags/playwright_shopee.py
[2026-05-17T08:45:03.778+0000] {shopee_scraper.py:42} INFO -   Keyword: msi gaming
[2026-05-17T08:47:21.934+0000] {shopee_scraper.py:52} INFO - OUTPUT SCRAPER:
🌐 Membuka Chromium...
🍪 Inject cookies Shopee...
✅ 8 cookies berhasil diload dari /opt/***/dags/shopee_cookies.json
🌍 Membuka Shopee search...
📄 URL   : https://shopee.co.id/search?keyword=msi%20gaming
📄 TITLE : Shopee Indonesia | Situs Belanja Online Terlengkap & Terpercaya
✅ Session valid, mulai scraping...
✅ Terhubung MongoDB: shopee_raw.products

=================================
📄 PAGE 1/5
=================================
🌍 https://shopee.co.id/search?keyword=msi%20gaming&page=0
🖱️ Scrolling...
📄 URL   : https://shopee.co.id/verify/traffic/error?home_url=https%3A%2F%2Fshopee.co.id&is_logged_in=false&next=https%3A%2F%2Fshopee.co.id%2Fsearch%3Fkeyword%3Dmsi%2520gaming%26page%3D0&tracking_id=464d1cb21a2-d91b-48d0-8b0d-ed8c1dc88073&type=4
📄 TITLE : Shopee Indonesia | Situs Belanja Online Terlengkap & Terpercaya
🔍 Mengambil item produk...
📦 Total item ditemukan: 0
❌ Produk kosong, simpan HTML debug.

=================================
📄 PAGE 2/5
=================================
🌍 https://shopee.co.id/search?keyword=msi%20gaming&page=1
🖱️ Scrolling...
📄 URL   : https://shopee.co.id/verify/traffic/error?home_url=https%3A%2F%2Fshopee.co.id&is_logged_in=false&next=https%3A%2F%2Fshopee.co.id%2Fsearch%3Fkeyword%3Dmsi%2520gaming%26page%3D0&tracking_id=828449339f-4162-46b6-b827-3ec26823b5df&type=4
📄 TITLE : Shopee Indonesia | Situs Belanja Online Terlengkap & Terpercaya
🔍 Mengambil item produk...
📦 Total item ditemukan: 0
❌ Produk kosong, simpan HTML debug.

=================================
📄 PAGE 3/5
=================================
🌍 https://shopee.co.id/search?keyword=msi%20gaming&page=2
🖱️ Scrolling...
📄 URL   : https://shopee.co.id/verify/traffic/error?home_url=https%3A%2F%2Fshopee.co.id&is_logged_in=false&next=https%3A%2F%2Fshopee.co.id%2Fsearch%3Fkeyword%3Dmsi%2520gaming%26page%3D0&tracking_id=809b14ad2fe-4c38-485d-ae4d-49b5605559c1&type=4
📄 TITLE : Shopee Indonesia | Situs Belanja Online Terlengkap & Terpercaya
🔍 Mengambil item produk...
📦 Total item ditemukan: 0
❌ Produk kosong, simpan HTML debug.

=================================
📄 PAGE 4/5
=================================
🌍 https://shopee.co.id/search?keyword=msi%20gaming&page=3
🖱️ Scrolling...
📄 URL   : https://shopee.co.id/verify/traffic/error?home_url=https%3A%2F%2Fshopee.co.id&is_logged_in=false&next=https%3A%2F%2Fshopee.co.id%2Fsearch%3Fkeyword%3Dmsi%2520gaming%26page%3D0&tracking_id=195f036877a-23df-466e-a7f2-53eb987563c5&type=4
📄 TITLE : Shopee Indonesia | Situs Belanja Online Terlengkap & Terpercaya
🔍 Mengambil item produk...
📦 Total item ditemukan: 0
❌ Produk kosong, simpan HTML debug.

=================================
📄 PAGE 5/5
=================================
🌍 https://shopee.co.id/search?keyword=msi%20gaming&page=4
🖱️ Scrolling...
📄 URL   : https://shopee.co.id/verify/traffic/error?home_url=https%3A%2F%2Fshopee.co.id&is_logged_in=false&next=https%3A%2F%2Fshopee.co.id%2Fsearch%3Fkeyword%3Dmsi%2520gaming%26page%3D0&tracking_id=6597040c1f4-9727-4953-babe-a0e23f280ef9&type=4
📄 TITLE : Shopee Indonesia | Situs Belanja Online Terlengkap & Terpercaya
🔍 Mengambil item produk...
📦 Total item ditemukan: 0
❌ Produk kosong, simpan HTML debug.

=================================
📊 SELESAI
=================================
Total scrape : 0
Inserted     : 0
Updated      : 0
=================================
🛑 Browser ditutup

[2026-05-17T08:47:22.078+0000] {shopee_scraper.py:62} INFO - ✅ Scraper selesai.
[2026-05-17T08:47:22.116+0000] {python.py:237} INFO - Done. Returned value was: None
[2026-05-17T08:47:22.282+0000] {taskinstance.py:441} INFO - ::group::Post task execution logs
[2026-05-17T08:47:22.811+0000] {taskinstance.py:1206} INFO - Marking task as SUCCESS. dag_id=shopee_to_mongodb, task_id=run_shopee_scraper, run_id=manual__2026-05-17T08:39:36.791864+00:00, execution_date=20260517T083936, start_date=20260517T084502, end_date=20260517T084722
[2026-05-17T08:47:23.108+0000] {local_task_job_runner.py:240} INFO - Task exited with return code 0
[2026-05-17T08:47:23.393+0000] {taskinstance.py:3498} INFO - 1 downstream tasks scheduled from follow-on schedule check
[2026-05-17T08:47:23.398+0000] {local_task_job_runner.py:222} INFO - ::endgroup::
