[2026-05-17T08:39:39.216+0000] {local_task_job_runner.py:120} INFO - ::group::Pre task execution logs
[2026-05-17T08:39:39.294+0000] {taskinstance.py:2076} INFO - Dependencies all met for dep_context=non-requeueable deps ti=<TaskInstance: shopee_to_mongodb.run_shopee_scraper manual__2026-05-17T08:39:36.791864+00:00 [queued]>
[2026-05-17T08:39:39.309+0000] {taskinstance.py:2076} INFO - Dependencies all met for dep_context=requeueable deps ti=<TaskInstance: shopee_to_mongodb.run_shopee_scraper manual__2026-05-17T08:39:36.791864+00:00 [queued]>
[2026-05-17T08:39:39.310+0000] {taskinstance.py:2306} INFO - Starting attempt 1 of 2
[2026-05-17T08:39:39.335+0000] {taskinstance.py:2330} INFO - Executing <Task(PythonOperator): run_shopee_scraper> on 2026-05-17 08:39:36.791864+00:00
[2026-05-17T08:39:39.340+0000] {standard_task_runner.py:63} INFO - Started process 497 to run task
[2026-05-17T08:39:39.343+0000] {standard_task_runner.py:90} INFO - Running: ['***', 'tasks', 'run', 'shopee_to_mongodb', 'run_shopee_scraper', 'manual__2026-05-17T08:39:36.791864+00:00', '--job-id', '63', '--raw', '--subdir', 'DAGS_FOLDER/shopee_scraper.py', '--cfg-path', '/tmp/tmpumw6b6g9']
[2026-05-17T08:39:39.345+0000] {standard_task_runner.py:91} INFO - Job 63: Subtask run_shopee_scraper
[2026-05-17T08:39:39.441+0000] {task_command.py:426} INFO - Running <TaskInstance: shopee_to_mongodb.run_shopee_scraper manual__2026-05-17T08:39:36.791864+00:00 [running]> on host deb1f5070230
[2026-05-17T08:39:39.597+0000] {taskinstance.py:2648} INFO - Exporting env vars: AIRFLOW_CTX_DAG_OWNER='shopee-pipeline' AIRFLOW_CTX_DAG_ID='shopee_to_mongodb' AIRFLOW_CTX_TASK_ID='run_shopee_scraper' AIRFLOW_CTX_EXECUTION_DATE='2026-05-17T08:39:36.791864+00:00' AIRFLOW_CTX_TRY_NUMBER='1' AIRFLOW_CTX_DAG_RUN_ID='manual__2026-05-17T08:39:36.791864+00:00'
[2026-05-17T08:39:39.598+0000] {taskinstance.py:430} INFO - ::endgroup::
[2026-05-17T08:39:39.655+0000] {shopee_scraper.py:40} INFO - ▶ Memulai scraper Shopee...
[2026-05-17T08:39:39.656+0000] {shopee_scraper.py:41} INFO -   Script : /opt/***/dags/playwright_shopee.py
[2026-05-17T08:39:39.657+0000] {shopee_scraper.py:42} INFO -   Keyword: msi gaming
[2026-05-17T08:39:57.965+0000] {shopee_scraper.py:52} INFO - OUTPUT SCRAPER:
🌐 Membuka Chromium...
🍪 Inject cookies Shopee...
✅ 11 cookies berhasil diload dari /opt/***/dags/shopee_cookies.json
🌍 Membuka Shopee search...
📄 URL   : https://shopee.co.id/search?keyword=msi%20gaming
📄 TITLE : Jual msi gaming Harga Terbaik & Termurah Mei 2026 | Shopee Indonesia
❌ Kena traffic verify — cookies mungkin expired.
⚠️  Export ulang cookies dari Chrome dan update shopee_cookies.json

[2026-05-17T08:39:57.967+0000] {shopee_scraper.py:54} WARNING - STDERR SCRAPER:
Traceback (most recent call last):
  File "/opt/***/dags/playwright_shopee.py", line 218, in <module>
    raise RuntimeError(
RuntimeError: Shopee traffic verify detected. Update shopee_cookies.json dari Cookie-Editor.

[2026-05-17T08:39:57.969+0000] {taskinstance.py:441} INFO - ::group::Post task execution logs
[2026-05-17T08:39:57.971+0000] {taskinstance.py:2905} ERROR - Task failed with exception
Traceback (most recent call last):
  File "/home/airflow/.local/lib/python3.8/site-packages/airflow/models/taskinstance.py", line 465, in _execute_task
    result = _execute_callable(context=context, **execute_callable_kwargs)
  File "/home/airflow/.local/lib/python3.8/site-packages/airflow/models/taskinstance.py", line 432, in _execute_callable
    return execute_callable(context=context, **execute_callable_kwargs)
  File "/home/airflow/.local/lib/python3.8/site-packages/airflow/models/baseoperator.py", line 400, in wrapper
    return func(self, *args, **kwargs)
  File "/home/airflow/.local/lib/python3.8/site-packages/airflow/operators/python.py", line 235, in execute
    return_value = self.execute_callable()
  File "/home/airflow/.local/lib/python3.8/site-packages/airflow/operators/python.py", line 252, in execute_callable
    return self.python_callable(*self.op_args, **self.op_kwargs)
  File "/opt/airflow/dags/shopee_scraper.py", line 57, in run_scraper
    raise Exception(
Exception: Scraper gagal dengan exit code: 1
STDERR: Traceback (most recent call last):
  File "/opt/***/dags/playwright_shopee.py", line 218, in <module>
    raise RuntimeError(
RuntimeError: Shopee traffic verify detected. Update shopee_cookies.json dari Cookie-Editor.

[2026-05-17T08:39:58.027+0000] {taskinstance.py:1206} INFO - Marking task as UP_FOR_RETRY. dag_id=shopee_to_mongodb, task_id=run_shopee_scraper, run_id=manual__2026-05-17T08:39:36.791864+00:00, execution_date=20260517T083936, start_date=20260517T083939, end_date=20260517T083958
[2026-05-17T08:39:58.082+0000] {standard_task_runner.py:110} ERROR - Failed to execute job 63 for task run_shopee_scraper (Scraper gagal dengan exit code: 1
STDERR: Traceback (most recent call last):
  File "/opt/***/dags/playwright_shopee.py", line 218, in <module>
    raise RuntimeError(
RuntimeError: Shopee traffic verify detected. Update shopee_cookies.json dari Cookie-Editor.
; 497)
[2026-05-17T08:39:58.141+0000] {local_task_job_runner.py:240} INFO - Task exited with return code 1
[2026-05-17T08:39:58.206+0000] {taskinstance.py:3498} INFO - 0 downstream tasks scheduled from follow-on schedule check
[2026-05-17T08:39:58.211+0000] {local_task_job_runner.py:222} INFO - ::endgroup::
