[2026-05-27T02:04:16.311+0000] {local_task_job_runner.py:120} INFO - ::group::Pre task execution logs
[2026-05-27T02:04:16.368+0000] {taskinstance.py:2076} INFO - Dependencies all met for dep_context=non-requeueable deps ti=<TaskInstance: shopee_pipeline.verify_mongodb scheduled__2026-05-26T01:00:00+00:00 [queued]>
[2026-05-27T02:04:16.378+0000] {taskinstance.py:2076} INFO - Dependencies all met for dep_context=requeueable deps ti=<TaskInstance: shopee_pipeline.verify_mongodb scheduled__2026-05-26T01:00:00+00:00 [queued]>
[2026-05-27T02:04:16.379+0000] {taskinstance.py:2306} INFO - Starting attempt 1 of 2
[2026-05-27T02:04:16.398+0000] {taskinstance.py:2330} INFO - Executing <Task(PythonOperator): verify_mongodb> on 2026-05-26 01:00:00+00:00
[2026-05-27T02:04:16.402+0000] {standard_task_runner.py:63} INFO - Started process 4362 to run task
[2026-05-27T02:04:16.407+0000] {standard_task_runner.py:90} INFO - Running: ['***', 'tasks', 'run', 'shopee_pipeline', 'verify_mongodb', 'scheduled__2026-05-26T01:00:00+00:00', '--job-id', '151', '--raw', '--subdir', 'DAGS_FOLDER/shopee_dag.py', '--cfg-path', '/tmp/tmpf2jpne7k']
[2026-05-27T02:04:16.410+0000] {standard_task_runner.py:91} INFO - Job 151: Subtask verify_mongodb
[2026-05-27T02:04:16.551+0000] {task_command.py:426} INFO - Running <TaskInstance: shopee_pipeline.verify_mongodb scheduled__2026-05-26T01:00:00+00:00 [running]> on host 42c92c361076
[2026-05-27T02:04:16.759+0000] {taskinstance.py:2648} INFO - Exporting env vars: AIRFLOW_CTX_DAG_OWNER='shopee-pipeline' AIRFLOW_CTX_DAG_ID='shopee_pipeline' AIRFLOW_CTX_TASK_ID='verify_mongodb' AIRFLOW_CTX_EXECUTION_DATE='2026-05-26T01:00:00+00:00' AIRFLOW_CTX_TRY_NUMBER='1' AIRFLOW_CTX_DAG_RUN_ID='scheduled__2026-05-26T01:00:00+00:00'
[2026-05-27T02:04:16.761+0000] {taskinstance.py:430} INFO - ::endgroup::
[2026-05-27T02:04:16.788+0000] {shopee_dag.py:91} INFO - ▶ Task 2: Verifikasi MongoDB...
[2026-05-27T02:04:16.821+0000] {logger.py:96} INFO - {"message": "Waiting for suitable server to become available", "selector": "Primary()", "operation": "count", "topologyDescription": "<TopologyDescription id: 6a16512012388c779ee04a7e, topology_type: Unknown, servers: [<ServerDescription ('mongodb', 27017) server_type: Unknown, rtt: None>]>", "clientId": {"$oid": "6a16512012388c779ee04a7e"}, "remainingTimeMS": 4}
[2026-05-27T02:04:16.906+0000] {shopee_dag.py:100} INFO -    Tanggal      : 2026-05-27
[2026-05-27T02:04:16.907+0000] {shopee_dag.py:101} INFO -    Keyword      : msi gaming
[2026-05-27T02:04:16.907+0000] {shopee_dag.py:102} INFO -    Dokumen baru : 344
[2026-05-27T02:04:16.908+0000] {shopee_dag.py:103} INFO -    Total DB     : 671
[2026-05-27T02:04:16.939+0000] {shopee_dag.py:115} INFO - ✅ MongoDB OK: 344 dokumen baru.
[2026-05-27T02:04:16.939+0000] {python.py:237} INFO - Done. Returned value was: None
[2026-05-27T02:04:16.940+0000] {taskinstance.py:441} INFO - ::group::Post task execution logs
[2026-05-27T02:04:16.958+0000] {taskinstance.py:1206} INFO - Marking task as SUCCESS. dag_id=shopee_pipeline, task_id=verify_mongodb, run_id=scheduled__2026-05-26T01:00:00+00:00, execution_date=20260526T010000, start_date=20260527T020416, end_date=20260527T020416
[2026-05-27T02:04:16.983+0000] {local_task_job_runner.py:240} INFO - Task exited with return code 0
[2026-05-27T02:04:17.021+0000] {taskinstance.py:3498} INFO - 1 downstream tasks scheduled from follow-on schedule check
[2026-05-27T02:04:17.026+0000] {local_task_job_runner.py:222} INFO - ::endgroup::
