[2026-05-17T08:26:11.703+0000] {local_task_job_runner.py:120} INFO - ::group::Pre task execution logs
[2026-05-17T08:26:11.885+0000] {taskinstance.py:2076} INFO - Dependencies all met for dep_context=non-requeueable deps ti=<TaskInstance: shopee_to_mongodb.run_shopee_scraper manual__2026-05-17T08:26:08.459544+00:00 [queued]>
[2026-05-17T08:26:11.903+0000] {taskinstance.py:2076} INFO - Dependencies all met for dep_context=requeueable deps ti=<TaskInstance: shopee_to_mongodb.run_shopee_scraper manual__2026-05-17T08:26:08.459544+00:00 [queued]>
[2026-05-17T08:26:11.904+0000] {taskinstance.py:2306} INFO - Starting attempt 1 of 2
[2026-05-17T08:26:11.929+0000] {taskinstance.py:2330} INFO - Executing <Task(PythonOperator): run_shopee_scraper> on 2026-05-17 08:26:08.459544+00:00
[2026-05-17T08:26:11.952+0000] {standard_task_runner.py:63} INFO - Started process 380 to run task
[2026-05-17T08:26:12.198+0000] {standard_task_runner.py:90} INFO - Running: ['***', 'tasks', 'run', 'shopee_to_mongodb', 'run_shopee_scraper', 'manual__2026-05-17T08:26:08.459544+00:00', '--job-id', '55', '--raw', '--subdir', 'DAGS_FOLDER/shopee_scraper.py', '--cfg-path', '/tmp/tmphymd330r']
[2026-05-17T08:26:12.231+0000] {standard_task_runner.py:91} INFO - Job 55: Subtask run_shopee_scraper
[2026-05-17T08:26:12.469+0000] {task_command.py:426} INFO - Running <TaskInstance: shopee_to_mongodb.run_shopee_scraper manual__2026-05-17T08:26:08.459544+00:00 [running]> on host 30ffdd0a484b
[2026-05-17T08:26:12.937+0000] {taskinstance.py:2648} INFO - Exporting env vars: AIRFLOW_CTX_DAG_OWNER='shopee-pipeline' AIRFLOW_CTX_DAG_ID='shopee_to_mongodb' AIRFLOW_CTX_TASK_ID='run_shopee_scraper' AIRFLOW_CTX_EXECUTION_DATE='2026-05-17T08:26:08.459544+00:00' AIRFLOW_CTX_TRY_NUMBER='1' AIRFLOW_CTX_DAG_RUN_ID='manual__2026-05-17T08:26:08.459544+00:00'
[2026-05-17T08:26:12.939+0000] {taskinstance.py:430} INFO - ::endgroup::
[2026-05-17T08:26:13.081+0000] {shopee_scraper.py:40} INFO - ▶ Memulai scraper Shopee...
[2026-05-17T08:26:13.082+0000] {shopee_scraper.py:41} INFO -   Script : /opt/***/dags/playwright_shopee.py
[2026-05-17T08:26:13.085+0000] {shopee_scraper.py:42} INFO -   Keyword: msi gaming
[2026-05-17T08:28:38.234+0000] {shopee_scraper.py:52} INFO - OUTPUT SCRAPER:
🌐 Membuka Chrome Shopee profile...
🌍 Membuka Shopee search...
📄 URL   : https://shopee.co.id/search?keyword=msi%20gaming
📄 TITLE : Shopee Indonesia | Situs Belanja Online Terlengkap & Terpercaya
✅ Terhubung MongoDB: shopee_raw.products

=================================
📄 PAGE 1/5
=================================
🌍 https://shopee.co.id/search?keyword=msi%20gaming&page=0
🖱️ Scrolling...
📄 URL   : https://shopee.co.id/verify/traffic/error?home_url=https%3A%2F%2Fshopee.co.id&is_logged_in=false&next=https%3A%2F%2Fshopee.co.id%2Fsearch%3Fkeyword%3Dmsi%2520gaming%26page%3D0&tracking_id=4791a92faf8-ee8a-45bd-8473-dd4ea9f5746b&type=4
📄 TITLE : Shopee Indonesia | Situs Belanja Online Terlengkap & Terpercaya
🔍 Mengambil item produk...
📦 Total item ditemukan: 0
❌ Produk kosong

=================================
📄 PAGE 2/5
=================================
🌍 https://shopee.co.id/search?keyword=msi%20gaming&page=1
🖱️ Scrolling...
📄 URL   : https://shopee.co.id/verify/traffic/error?home_url=https%3A%2F%2Fshopee.co.id&is_logged_in=false&next=https%3A%2F%2Fshopee.co.id%2Fsearch%3Fkeyword%3Dmsi%2520gaming%26page%3D0&tracking_id=7877795aaba-ecc0-4fb6-ae9f-4e50999d5449&type=4
📄 TITLE : Shopee Indonesia | Situs Belanja Online Terlengkap & Terpercaya
🔍 Mengambil item produk...
📦 Total item ditemukan: 0
❌ Produk kosong

=================================
📄 PAGE 3/5
=================================
🌍 https://shopee.co.id/search?keyword=msi%20gaming&page=2
🖱️ Scrolling...
📄 URL   : https://shopee.co.id/verify/traffic/error?home_url=https%3A%2F%2Fshopee.co.id&is_logged_in=false&next=https%3A%2F%2Fshopee.co.id%2Fsearch%3Fkeyword%3Dmsi%2520gaming%26page%3D0&tracking_id=356cf6cf047-da6e-4611-b2f5-aca9a0ea9db6&type=4
📄 TITLE : Shopee Indonesia | Situs Belanja Online Terlengkap & Terpercaya
🔍 Mengambil item produk...
📦 Total item ditemukan: 0
❌ Produk kosong

=================================
📄 PAGE 4/5
=================================
🌍 https://shopee.co.id/search?keyword=msi%20gaming&page=3
🖱️ Scrolling...
📄 URL   : https://shopee.co.id/verify/traffic/error?home_url=https%3A%2F%2Fshopee.co.id&is_logged_in=false&next=https%3A%2F%2Fshopee.co.id%2Fsearch%3Fkeyword%3Dmsi%2520gaming%26page%3D0&tracking_id=39adffc970-6a00-4f78-b210-3b1349ef1fe7&type=4
📄 TITLE : Shopee Indonesia | Situs Belanja Online Terlengkap & Terpercaya
🔍 Mengambil item produk...
📦 Total item ditemukan: 0
❌ Produk kosong

=================================
📄 PAGE 5/5
=================================
🌍 https://shopee.co.id/search?keyword=msi%20gaming&page=4
🖱️ Scrolling...
📄 URL   : https://shopee.co.id/verify/traffic/error?home_url=https%3A%2F%2Fshopee.co.id&is_logged_in=false&next=https%3A%2F%2Fshopee.co.id%2Fsearch%3Fkeyword%3Dmsi%2520gaming%26page%3D0&tracking_id=422354c909e-4760-47ae-a9dd-8c327ed47927&type=4
📄 TITLE : Shopee Indonesia | Situs Belanja Online Terlengkap & Terpercaya
🔍 Mengambil item produk...
📦 Total item ditemukan: 0
❌ Produk kosong

=================================
📊 SELESAI
=================================
Total scrape : 0
Inserted     : 0
Updated      : 0
=================================
🛑 Browser ditutup

[2026-05-17T08:28:38.361+0000] {shopee_scraper.py:62} INFO - ✅ Scraper selesai.
[2026-05-17T08:28:38.400+0000] {python.py:237} INFO - Done. Returned value was: None
[2026-05-17T08:28:38.617+0000] {taskinstance.py:441} INFO - ::group::Post task execution logs
[2026-05-17T08:28:38.997+0000] {taskinstance.py:1206} INFO - Marking task as SUCCESS. dag_id=shopee_to_mongodb, task_id=run_shopee_scraper, run_id=manual__2026-05-17T08:26:08.459544+00:00, execution_date=20260517T082608, start_date=20260517T082611, end_date=20260517T082838
[2026-05-17T08:28:39.278+0000] {local_task_job_runner.py:240} INFO - Task exited with return code 0
[2026-05-17T08:28:39.609+0000] {taskinstance.py:3498} INFO - 1 downstream tasks scheduled from follow-on schedule check
[2026-05-17T08:28:39.614+0000] {local_task_job_runner.py:222} INFO - ::endgroup::
