[2026-05-18T02:32:49.455+0000] {local_task_job_runner.py:120} INFO - ::group::Pre task execution logs
[2026-05-18T02:32:49.800+0000] {taskinstance.py:2076} INFO - Dependencies all met for dep_context=non-requeueable deps ti=<TaskInstance: shopee_to_mongodb.run_shopee_scraper scheduled__2026-05-17T01:00:00+00:00 [queued]>
[2026-05-18T02:32:49.848+0000] {taskinstance.py:2076} INFO - Dependencies all met for dep_context=requeueable deps ti=<TaskInstance: shopee_to_mongodb.run_shopee_scraper scheduled__2026-05-17T01:00:00+00:00 [queued]>
[2026-05-18T02:32:49.851+0000] {taskinstance.py:2306} INFO - Starting attempt 1 of 2
[2026-05-18T02:32:49.953+0000] {taskinstance.py:2330} INFO - Executing <Task(PythonOperator): run_shopee_scraper> on 2026-05-17 01:00:00+00:00
[2026-05-18T02:32:49.998+0000] {standard_task_runner.py:63} INFO - Started process 193 to run task
[2026-05-18T02:32:50.150+0000] {standard_task_runner.py:90} INFO - Running: ['***', 'tasks', 'run', 'shopee_to_mongodb', 'run_shopee_scraper', 'scheduled__2026-05-17T01:00:00+00:00', '--job-id', '143', '--raw', '--subdir', 'DAGS_FOLDER/shopee_scraper.py', '--cfg-path', '/tmp/tmp2cmbd9_u']
[2026-05-18T02:32:50.561+0000] {standard_task_runner.py:91} INFO - Job 143: Subtask run_shopee_scraper
[2026-05-18T02:32:51.333+0000] {task_command.py:426} INFO - Running <TaskInstance: shopee_to_mongodb.run_shopee_scraper scheduled__2026-05-17T01:00:00+00:00 [running]> on host deb1f5070230
[2026-05-18T02:32:52.150+0000] {taskinstance.py:2648} INFO - Exporting env vars: AIRFLOW_CTX_DAG_OWNER='shopee-pipeline' AIRFLOW_CTX_DAG_ID='shopee_to_mongodb' AIRFLOW_CTX_TASK_ID='run_shopee_scraper' AIRFLOW_CTX_EXECUTION_DATE='2026-05-17T01:00:00+00:00' AIRFLOW_CTX_TRY_NUMBER='1' AIRFLOW_CTX_DAG_RUN_ID='scheduled__2026-05-17T01:00:00+00:00'
[2026-05-18T02:32:52.154+0000] {taskinstance.py:430} INFO - ::endgroup::
[2026-05-18T02:32:52.261+0000] {shopee_scraper.py:40} INFO - ▶ Memulai scraper Shopee...
[2026-05-18T02:32:52.265+0000] {shopee_scraper.py:41} INFO -   Script : /opt/***/dags/playwright_shopee.py
[2026-05-18T02:32:52.267+0000] {shopee_scraper.py:42} INFO -   Keyword: msi gaming
[2026-05-18T02:33:11.374+0000] {shopee_scraper.py:52} INFO - OUTPUT SCRAPER:
🌐 Membuka Chromium...
🍪 Inject cookies Shopee...
✅ 16 cookies berhasil diload dari /opt/***/dags/shopee_cookies.json
🌍 Membuka Shopee search...
📄 URL   : https://shopee.co.id/search?keyword=msi%20gaming
📄 TITLE : Shopee Indonesia | Situs Belanja Online Terlengkap & Terpercaya
❌ Cookies tidak valid atau sudah expired.

[2026-05-18T02:33:11.399+0000] {shopee_scraper.py:54} WARNING - STDERR SCRAPER:
Traceback (most recent call last):
  File "/opt/***/dags/playwright_shopee.py", line 228, in <module>
    raise RuntimeError("Cookies tidak valid. Export ulang dari Chrome.")
RuntimeError: Cookies tidak valid. Export ulang dari Chrome.

[2026-05-18T02:33:11.403+0000] {taskinstance.py:441} INFO - ::group::Post task execution logs
[2026-05-18T02:33:11.422+0000] {taskinstance.py:2905} ERROR - Task failed with exception
Traceback (most recent call last):
  File "/home/airflow/.local/lib/python3.8/site-packages/airflow/models/taskinstance.py", line 465, in _execute_task
    result = _execute_callable(context=context, **execute_callable_kwargs)
  File "/home/airflow/.local/lib/python3.8/site-packages/airflow/models/taskinstance.py", line 432, in _execute_callable
    return execute_callable(context=context, **execute_callable_kwargs)
  File "/home/airflow/.local/lib/python3.8/site-packages/airflow/models/baseoperator.py", line 400, in wrapper
    return func(self, *args, **kwargs)
  File "/home/airflow/.local/lib/python3.8/site-packages/airflow/operators/python.py", line 235, in execute
    return_value = self.execute_callable()
  File "/home/airflow/.local/lib/python3.8/site-packages/airflow/operators/python.py", line 252, in execute_callable
    return self.python_callable(*self.op_args, **self.op_kwargs)
  File "/opt/airflow/dags/shopee_scraper.py", line 57, in run_scraper
    raise Exception(
Exception: Scraper gagal dengan exit code: 1
STDERR: Traceback (most recent call last):
  File "/opt/***/dags/playwright_shopee.py", line 228, in <module>
    raise RuntimeError("Cookies tidak valid. Export ulang dari Chrome.")
RuntimeError: Cookies tidak valid. Export ulang dari Chrome.

[2026-05-18T02:33:11.798+0000] {taskinstance.py:1206} INFO - Marking task as UP_FOR_RETRY. dag_id=shopee_to_mongodb, task_id=run_shopee_scraper, run_id=scheduled__2026-05-17T01:00:00+00:00, execution_date=20260517T010000, start_date=20260518T023249, end_date=20260518T023311
[2026-05-18T02:33:12.206+0000] {standard_task_runner.py:110} ERROR - Failed to execute job 143 for task run_shopee_scraper (Scraper gagal dengan exit code: 1
STDERR: Traceback (most recent call last):
  File "/opt/***/dags/playwright_shopee.py", line 228, in <module>
    raise RuntimeError("Cookies tidak valid. Export ulang dari Chrome.")
RuntimeError: Cookies tidak valid. Export ulang dari Chrome.
; 193)
[2026-05-18T02:33:12.299+0000] {local_task_job_runner.py:240} INFO - Task exited with return code 1
[2026-05-18T02:33:12.590+0000] {taskinstance.py:3498} INFO - 0 downstream tasks scheduled from follow-on schedule check
[2026-05-18T02:33:12.701+0000] {local_task_job_runner.py:222} INFO - ::endgroup::
