[2026-05-16T11:15:04.996+0000] {local_task_job_runner.py:120} INFO - ::group::Pre task execution logs
[2026-05-16T11:15:05.142+0000] {taskinstance.py:2076} INFO - Dependencies all met for dep_context=non-requeueable deps ti=<TaskInstance: shopee_to_mongodb.run_shopee_scraper manual__2026-05-16T11:15:00.398542+00:00 [queued]>
[2026-05-16T11:15:05.157+0000] {taskinstance.py:2076} INFO - Dependencies all met for dep_context=requeueable deps ti=<TaskInstance: shopee_to_mongodb.run_shopee_scraper manual__2026-05-16T11:15:00.398542+00:00 [queued]>
[2026-05-16T11:15:05.158+0000] {taskinstance.py:2306} INFO - Starting attempt 1 of 2
[2026-05-16T11:15:05.184+0000] {taskinstance.py:2330} INFO - Executing <Task(PythonOperator): run_shopee_scraper> on 2026-05-16 11:15:00.398542+00:00
[2026-05-16T11:15:05.194+0000] {standard_task_runner.py:63} INFO - Started process 663 to run task
[2026-05-16T11:15:05.217+0000] {standard_task_runner.py:90} INFO - Running: ['***', 'tasks', 'run', 'shopee_to_mongodb', 'run_shopee_scraper', 'manual__2026-05-16T11:15:00.398542+00:00', '--job-id', '28', '--raw', '--subdir', 'DAGS_FOLDER/shopee_scraper.py', '--cfg-path', '/tmp/tmp469rz2v3']
[2026-05-16T11:15:05.237+0000] {standard_task_runner.py:91} INFO - Job 28: Subtask run_shopee_scraper
[2026-05-16T11:15:05.573+0000] {task_command.py:426} INFO - Running <TaskInstance: shopee_to_mongodb.run_shopee_scraper manual__2026-05-16T11:15:00.398542+00:00 [running]> on host 79f455d7dbbc
[2026-05-16T11:15:06.273+0000] {taskinstance.py:2648} INFO - Exporting env vars: AIRFLOW_CTX_DAG_OWNER='shopee-pipeline' AIRFLOW_CTX_DAG_ID='shopee_to_mongodb' AIRFLOW_CTX_TASK_ID='run_shopee_scraper' AIRFLOW_CTX_EXECUTION_DATE='2026-05-16T11:15:00.398542+00:00' AIRFLOW_CTX_TRY_NUMBER='1' AIRFLOW_CTX_DAG_RUN_ID='manual__2026-05-16T11:15:00.398542+00:00'
[2026-05-16T11:15:06.274+0000] {taskinstance.py:430} INFO - ::endgroup::
[2026-05-16T11:15:06.329+0000] {shopee_scraper.py:40} INFO - ▶ Memulai scraper Shopee...
[2026-05-16T11:15:06.330+0000] {shopee_scraper.py:41} INFO -   Script : /opt/***/dags/playwright_shopee.py
[2026-05-16T11:15:06.330+0000] {shopee_scraper.py:42} INFO -   Keyword: msi gaming
[2026-05-16T11:15:38.400+0000] {shopee_scraper.py:52} INFO - OUTPUT SCRAPER:
🌐 Membuka browser Playwright...
🌍 Membuka Shopee...
📄 URL   : https://shopee.co.id/search?keyword=msi%20gaming
📄 TITLE : Shopee Indonesia | Situs Belanja Online Terlengkap & Terpercaya

❌ TERDETEKSI CAPTCHA / VERIFY
⚠️  Headless mode terkena captcha — skip sesi ini.

[2026-05-16T11:15:38.491+0000] {shopee_scraper.py:54} WARNING - STDERR SCRAPER:
Traceback (most recent call last):
  File "/opt/***/dags/playwright_shopee.py", line 178, in <module>
    raise RuntimeError("Shopee captcha detected. Coba jalankan ulang nanti.")
RuntimeError: Shopee captcha detected. Coba jalankan ulang nanti.

[2026-05-16T11:15:38.515+0000] {taskinstance.py:441} INFO - ::group::Post task execution logs
[2026-05-16T11:15:38.602+0000] {taskinstance.py:2905} ERROR - Task failed with exception
Traceback (most recent call last):
  File "/home/airflow/.local/lib/python3.8/site-packages/airflow/models/taskinstance.py", line 465, in _execute_task
    result = _execute_callable(context=context, **execute_callable_kwargs)
  File "/home/airflow/.local/lib/python3.8/site-packages/airflow/models/taskinstance.py", line 432, in _execute_callable
    return execute_callable(context=context, **execute_callable_kwargs)
  File "/home/airflow/.local/lib/python3.8/site-packages/airflow/models/baseoperator.py", line 400, in wrapper
    return func(self, *args, **kwargs)
  File "/home/airflow/.local/lib/python3.8/site-packages/airflow/operators/python.py", line 235, in execute
    return_value = self.execute_callable()
  File "/home/airflow/.local/lib/python3.8/site-packages/airflow/operators/python.py", line 252, in execute_callable
    return self.python_callable(*self.op_args, **self.op_kwargs)
  File "/opt/airflow/dags/shopee_scraper.py", line 57, in run_scraper
    raise Exception(
Exception: Scraper gagal dengan exit code: 1
STDERR: Traceback (most recent call last):
  File "/opt/***/dags/playwright_shopee.py", line 178, in <module>
    raise RuntimeError("Shopee captcha detected. Coba jalankan ulang nanti.")
RuntimeError: Shopee captcha detected. Coba jalankan ulang nanti.

[2026-05-16T11:15:39.027+0000] {taskinstance.py:1206} INFO - Marking task as UP_FOR_RETRY. dag_id=shopee_to_mongodb, task_id=run_shopee_scraper, run_id=manual__2026-05-16T11:15:00.398542+00:00, execution_date=20260516T111500, start_date=20260516T111505, end_date=20260516T111538
[2026-05-16T11:15:39.213+0000] {standard_task_runner.py:110} ERROR - Failed to execute job 28 for task run_shopee_scraper (Scraper gagal dengan exit code: 1
STDERR: Traceback (most recent call last):
  File "/opt/***/dags/playwright_shopee.py", line 178, in <module>
    raise RuntimeError("Shopee captcha detected. Coba jalankan ulang nanti.")
RuntimeError: Shopee captcha detected. Coba jalankan ulang nanti.
; 663)
[2026-05-16T11:15:39.274+0000] {local_task_job_runner.py:240} INFO - Task exited with return code 1
[2026-05-16T11:15:39.480+0000] {taskinstance.py:3498} INFO - 0 downstream tasks scheduled from follow-on schedule check
[2026-05-16T11:15:39.485+0000] {local_task_job_runner.py:222} INFO - ::endgroup::
