[2026-05-28T01:26:35.361+0000] {local_task_job_runner.py:120} INFO - ::group::Pre task execution logs
[2026-05-28T01:26:35.692+0000] {taskinstance.py:2076} INFO - Dependencies all met for dep_context=non-requeueable deps ti=<TaskInstance: shopee_pipeline.trigger_scraper scheduled__2026-05-27T01:00:00+00:00 [queued]>
[2026-05-28T01:26:35.737+0000] {taskinstance.py:2076} INFO - Dependencies all met for dep_context=requeueable deps ti=<TaskInstance: shopee_pipeline.trigger_scraper scheduled__2026-05-27T01:00:00+00:00 [queued]>
[2026-05-28T01:26:35.739+0000] {taskinstance.py:2306} INFO - Starting attempt 2 of 2
[2026-05-28T01:26:35.821+0000] {taskinstance.py:2330} INFO - Executing <Task(PythonOperator): trigger_scraper> on 2026-05-27 01:00:00+00:00
[2026-05-28T01:26:35.847+0000] {standard_task_runner.py:63} INFO - Started process 863 to run task
[2026-05-28T01:26:35.863+0000] {standard_task_runner.py:90} INFO - Running: ['***', 'tasks', 'run', 'shopee_pipeline', 'trigger_scraper', 'scheduled__2026-05-27T01:00:00+00:00', '--job-id', '159', '--raw', '--subdir', 'DAGS_FOLDER/shopee_dag.py', '--cfg-path', '/tmp/tmp556qq_jl']
[2026-05-28T01:26:35.872+0000] {standard_task_runner.py:91} INFO - Job 159: Subtask trigger_scraper
[2026-05-28T01:26:36.176+0000] {task_command.py:426} INFO - Running <TaskInstance: shopee_pipeline.trigger_scraper scheduled__2026-05-27T01:00:00+00:00 [running]> on host 7a4ffe87214c
[2026-05-28T01:26:36.784+0000] {taskinstance.py:2648} INFO - Exporting env vars: AIRFLOW_CTX_DAG_OWNER='shopee-pipeline' AIRFLOW_CTX_DAG_ID='shopee_pipeline' AIRFLOW_CTX_TASK_ID='trigger_scraper' AIRFLOW_CTX_EXECUTION_DATE='2026-05-27T01:00:00+00:00' AIRFLOW_CTX_TRY_NUMBER='2' AIRFLOW_CTX_DAG_RUN_ID='scheduled__2026-05-27T01:00:00+00:00'
[2026-05-28T01:26:36.787+0000] {taskinstance.py:430} INFO - ::endgroup::
[2026-05-28T01:26:36.897+0000] {shopee_dag.py:49} INFO - ▶ Task 1: Trigger scraper Shopee...
[2026-05-28T01:26:37.040+0000] {taskinstance.py:441} INFO - ::group::Post task execution logs
[2026-05-28T01:26:37.043+0000] {taskinstance.py:2905} ERROR - Task failed with exception
Traceback (most recent call last):
  File "/home/airflow/.local/lib/python3.8/site-packages/urllib3/connection.py", line 174, in _new_conn
    conn = connection.create_connection(
  File "/home/airflow/.local/lib/python3.8/site-packages/urllib3/util/connection.py", line 95, in create_connection
    raise err
  File "/home/airflow/.local/lib/python3.8/site-packages/urllib3/util/connection.py", line 85, in create_connection
    sock.connect(sa)
OSError: [Errno 101] Network is unreachable

During handling of the above exception, another exception occurred:

Traceback (most recent call last):
  File "/home/airflow/.local/lib/python3.8/site-packages/urllib3/connectionpool.py", line 715, in urlopen
    httplib_response = self._make_request(
  File "/home/airflow/.local/lib/python3.8/site-packages/urllib3/connectionpool.py", line 416, in _make_request
    conn.request(method, url, **httplib_request_kw)
  File "/home/airflow/.local/lib/python3.8/site-packages/urllib3/connection.py", line 244, in request
    super(HTTPConnection, self).request(method, url, body=body, headers=headers)
  File "/usr/local/lib/python3.8/http/client.py", line 1256, in request
    self._send_request(method, url, body, headers, encode_chunked)
  File "/usr/local/lib/python3.8/http/client.py", line 1302, in _send_request
    self.endheaders(body, encode_chunked=encode_chunked)
  File "/usr/local/lib/python3.8/http/client.py", line 1251, in endheaders
    self._send_output(message_body, encode_chunked=encode_chunked)
  File "/usr/local/lib/python3.8/http/client.py", line 1011, in _send_output
    self.send(msg)
  File "/usr/local/lib/python3.8/http/client.py", line 951, in send
    self.connect()
  File "/home/airflow/.local/lib/python3.8/site-packages/urllib3/connection.py", line 205, in connect
    conn = self._new_conn()
  File "/home/airflow/.local/lib/python3.8/site-packages/urllib3/connection.py", line 186, in _new_conn
    raise NewConnectionError(
urllib3.exceptions.NewConnectionError: <urllib3.connection.HTTPConnection object at 0x7f3fb26ff370>: Failed to establish a new connection: [Errno 101] Network is unreachable

During handling of the above exception, another exception occurred:

Traceback (most recent call last):
  File "/home/airflow/.local/lib/python3.8/site-packages/requests/adapters.py", line 486, in send
    resp = conn.urlopen(
  File "/home/airflow/.local/lib/python3.8/site-packages/urllib3/connectionpool.py", line 799, in urlopen
    retries = retries.increment(
  File "/home/airflow/.local/lib/python3.8/site-packages/urllib3/util/retry.py", line 592, in increment
    raise MaxRetryError(_pool, url, error or ResponseError(cause))
urllib3.exceptions.MaxRetryError: HTTPConnectionPool(host='host.docker.internal', port=5000): Max retries exceeded with url: /health (Caused by NewConnectionError('<urllib3.connection.HTTPConnection object at 0x7f3fb26ff370>: Failed to establish a new connection: [Errno 101] Network is unreachable'))

During handling of the above exception, another exception occurred:

Traceback (most recent call last):
  File "/opt/airflow/dags/shopee_dag.py", line 53, in trigger_scraper
    health = http_requests.get(
  File "/home/airflow/.local/lib/python3.8/site-packages/requests/api.py", line 73, in get
    return request("get", url, params=params, **kwargs)
  File "/home/airflow/.local/lib/python3.8/site-packages/requests/api.py", line 59, in request
    return session.request(method=method, url=url, **kwargs)
  File "/home/airflow/.local/lib/python3.8/site-packages/requests/sessions.py", line 589, in request
    resp = self.send(prep, **send_kwargs)
  File "/home/airflow/.local/lib/python3.8/site-packages/requests/sessions.py", line 703, in send
    r = adapter.send(request, **kwargs)
  File "/home/airflow/.local/lib/python3.8/site-packages/requests/adapters.py", line 519, in send
    raise ConnectionError(e, request=request)
requests.exceptions.ConnectionError: HTTPConnectionPool(host='host.docker.internal', port=5000): Max retries exceeded with url: /health (Caused by NewConnectionError('<urllib3.connection.HTTPConnection object at 0x7f3fb26ff370>: Failed to establish a new connection: [Errno 101] Network is unreachable'))

During handling of the above exception, another exception occurred:

Traceback (most recent call last):
  File "/home/airflow/.local/lib/python3.8/site-packages/airflow/models/taskinstance.py", line 465, in _execute_task
    result = _execute_callable(context=context, **execute_callable_kwargs)
  File "/home/airflow/.local/lib/python3.8/site-packages/airflow/models/taskinstance.py", line 432, in _execute_callable
    return execute_callable(context=context, **execute_callable_kwargs)
  File "/home/airflow/.local/lib/python3.8/site-packages/airflow/models/baseoperator.py", line 400, in wrapper
    return func(self, *args, **kwargs)
  File "/home/airflow/.local/lib/python3.8/site-packages/airflow/operators/python.py", line 235, in execute
    return_value = self.execute_callable()
  File "/home/airflow/.local/lib/python3.8/site-packages/airflow/operators/python.py", line 252, in execute_callable
    return self.python_callable(*self.op_args, **self.op_kwargs)
  File "/opt/airflow/dags/shopee_dag.py", line 59, in trigger_scraper
    raise Exception(
Exception: Scraper server tidak bisa diakses: HTTPConnectionPool(host='host.docker.internal', port=5000): Max retries exceeded with url: /health (Caused by NewConnectionError('<urllib3.connection.HTTPConnection object at 0x7f3fb26ff370>: Failed to establish a new connection: [Errno 101] Network is unreachable'))
Pastikan scraper_server.py sudah dijalankan di laptop!
[2026-05-28T01:26:37.129+0000] {taskinstance.py:1206} INFO - Marking task as FAILED. dag_id=shopee_pipeline, task_id=trigger_scraper, run_id=scheduled__2026-05-27T01:00:00+00:00, execution_date=20260527T010000, start_date=20260528T012635, end_date=20260528T012637
[2026-05-28T01:26:37.219+0000] {standard_task_runner.py:110} ERROR - Failed to execute job 159 for task trigger_scraper (Scraper server tidak bisa diakses: HTTPConnectionPool(host='host.docker.internal', port=5000): Max retries exceeded with url: /health (Caused by NewConnectionError('<urllib3.connection.HTTPConnection object at 0x7f3fb26ff370>: Failed to establish a new connection: [Errno 101] Network is unreachable'))
Pastikan scraper_server.py sudah dijalankan di laptop!; 863)
[2026-05-28T01:26:37.296+0000] {local_task_job_runner.py:240} INFO - Task exited with return code 1
[2026-05-28T01:26:37.368+0000] {local_task_job_runner.py:222} INFO - ::endgroup::
